Archive member included because of file (symbol)

pluto/plutolib.a(pluto.o)     build\gcc\obj/pluto/pluto_entry.o (pluto_pre_init)
pluto/plutolib.a(pluto_common.o)
                              build\gcc\obj/App/Pluto-Switch3-V1.0/app_task.o (pluto_get_seq)
pluto/plutolib.a(aps_common.o)
                              build\gcc\obj/App/Pluto-Switch3-V1.0/app_task.o (aps_set_listener)
pluto/plutolib.a(aps_output.o)
                              build\gcc\obj/App/Pluto-Switch3-V1.0/app_task.o (aps_req_send_command)
pluto/plutolib.a(aps_user.o)  pluto/plutolib.a(aps_output.o) (aps_start_fetch_user)
pluto/plutolib.a(lcl_output.o)
                              pluto/plutolib.a(aps_output.o) (lcl_req_Send_data)
pluto/plutolib.a(login.o)     pluto/plutolib.a(pluto.o) (login_set_user_psw)
pluto/plutolib.a(nwk_common.o)
                              build\gcc\obj/pluto/pluto_entry.o (socket_init)
pluto/plutolib.a(nwk_nib.o)   pluto/plutolib.a(login.o) (nwk_set_server_online_flag)
pluto/plutolib.a(nwk_output.o)
                              pluto/plutolib.a(lcl_output.o) (nwk_req_send_data)
pluto/plutolib.a(nwk_pre_input.o)
                              pluto/plutolib.a(nwk_common.o) (nwk_pre_input)
pluto/plutolib.a(nwk_route.o)
                              pluto/plutolib.a(nwk_output.o) (nwk_pakage_limit_get)
pluto/plutolib.a(osCore.o)    pluto/plutolib.a(pluto.o) (osInit)
pluto/plutolib.a(osLibc.o)    build\gcc\obj/App/Pluto-Switch3-V1.0/hal_MT.o (osMemcpy)
pluto/plutolib.a(osTimer.o)   build\gcc\obj/pluto/spiffs/w25qxx.o (osGetmsTimestamp)
pluto/plutolib.a(osTrace.o)   build\gcc\obj/App/Pluto-Switch3-V1.0/main.o (os_dbg_init)
pluto/plutolib.a(printf.o)    build\gcc\obj/pluto/json/cJSON.o (sprintf_)
pluto/plutolib.a(pdo_describe.o)
                              build\gcc\obj/App/Pluto-Switch3-V1.0/app_task.o (pdo_register_port)
pluto/plutolib.a(pdo_keys.o)  pluto/plutolib.a(lcl_output.o) (pdo_get_devcie_key)
pluto/plutolib.a(pdo_nib.o)   pluto/plutolib.a(pdo_describe.o) (pdo_set_version)
pluto/plutolib.a(pdo_record.o)
                              pluto/plutolib.a(aps_output.o) (pdo_save_alarm_record)
pluto/plutolib.a(pdo_scene.o)
                              pluto/plutolib.a(pluto.o) (pdo_scene_init)
pluto/plutolib.a(pdo_server.o)
                              pluto/plutolib.a(pluto.o) (pdo_load_server_info)
pluto/plutolib.a(pdo_update.o)
                              pluto/plutolib.a(pdo_describe.o) (pdo_set_bin_name)
pluto/plutolib.a(scene.o)     pluto/plutolib.a(pdo_scene.o) (Scene_CreateTask)
pluto/plutolib.a(scene_core.o)
                              pluto/plutolib.a(scene.o) (Scene_GetTaskBlock)
pluto/plutolib.a(scene_do.o)  pluto/plutolib.a(scene_core.o) (Scene_Send)
pluto/plutolib.a(scene_lib.o)
                              pluto/plutolib.a(scene_core.o) (Scene_ISNUM)
pluto/plutolib.a(scene_message.o)
                              pluto/plutolib.a(aps_output.o) (Scene_InputDevMsg)
pluto/plutolib.a(scene_reason.o)
                              pluto/plutolib.a(scene_core.o) (Scene_CheckReasons)
pluto/plutolib.a(aID.o)       pluto/plutolib.a(scene_do.o) (pluto_get_data_type)
pluto/plutolib.a(aps_input.o)
                              pluto/plutolib.a(lcl_output.o) (aps_send_status_cb)
pluto/plutolib.a(lcl_common.o)
                              pluto/plutolib.a(lcl_output.o) (lcl_expand_data_length)
pluto/plutolib.a(lcl_crypto.o)
                              pluto/plutolib.a(lcl_output.o) (lcl_encrypt_data)
pluto/plutolib.a(nwk_input.o)
                              pluto/plutolib.a(nwk_output.o) (nwk_input)
pluto/plutolib.a(pdo.o)       pluto/plutolib.a(aps_input.o) (pdo_command_handle)
pluto/plutolib.a(pdo_file_system.o)
                              pluto/plutolib.a(pdo_scene.o) (pdo_get_file_name)
pluto/plutolib.a(pdo_utb.o)   pluto/plutolib.a(aps_input.o) (utb_check_enable_port)
pluto/plutolib.a(lcl_aes.o)   pluto/plutolib.a(lcl_crypto.o) (AES_init_ctx_iv)
pluto/plutolib.a(lcl_input.o)
                              pluto/plutolib.a(nwk_input.o) (lcl_input_message)
libs/gcc/app_start.lib(gpio.o)
                              build\gcc\obj/App/Pluto-Switch3-V1.0/hal_i2c.o (Ql_GPIO_Init)
libs/gcc/app_start.lib(memory.o)
                              build\gcc\obj/ril/src/ril_lwm2m.o (Ql_MEM_Alloc)
libs/gcc/app_start.lib(ql_func.o)
                              libs/gcc/app_start.lib(memory.o) (api_notsup)
libs/gcc/app_start.lib(ql_main.o)
                              build\gcc\obj/ril/src/ril_atResponse.o (Ql_sscanf)
libs/gcc/app_start.lib(ril_aux.o)
                              build\gcc\obj/App/Pluto-Switch3-V1.0/config/sys_config.o (proc_reserved2)
libs/gcc/app_start.lib(ril_main.o)
                              build\gcc\obj/App/Pluto-Switch3-V1.0/main.o (Ql_RIL_Initialize)
libs/gcc/app_start.lib(spi.o)
                              build\gcc\obj/pluto/spiffs/hal_spi.o (Ql_SPI_Init)
libs/gcc/app_start.lib(stdlib_func.o)
[...]
Memory Configuration

Name             Origin             Length             Attributes
ROM              0x08292040         0x00032000         xr
RAM              0x001e7000         0x00019000         xrw
*default*        0x00000000         0xffffffff

Linker script and memory map

                0x08292040                . = 0x8292040

.initdata       0x08292040       0x2c
                0x08292040                . = ALIGN (0x4)
 *(.initdata)
 .initdata      0x08292040       0x2c libs/gcc/app_start.lib(ql_main.o)
                0x08292040                GADLENTRY

text            0x08292070    0x15708
                0x08292070                . = ALIGN (0x4)
 *(.text.*)
 .text.Ql_RIL_AT_SetErrCode
                0x08292070        0xc build\gcc\obj/ril/src/ril_atResponse.o
                0x08292070                Ql_RIL_AT_SetErrCode
 .text.Default_atRsp_callback
                0x0829207c       0xec build\gcc\obj/ril/src/ril_atResponse.o
                0x0829207c                Default_atRsp_callback
 .text.DFOTA_Analysis
                0x08292168      0x104 build\gcc\obj/ril/src/ril_dfota.o
                0x08292168                DFOTA_Analysis
 .text.Dfota_Upgrade_States
                0x0829226c        0x2 build\gcc\obj/ril/src/ril_dfota.o
                0x0829226c                Dfota_Upgrade_States
 .text.RIL_GetInitCmdCnt
                0x0829226e        0x4 build\gcc\obj/ril/src/ril_init.o
                0x0829226e                RIL_GetInitCmdCnt
 .text.RIL_GetLimitedCmdCnt
                0x08292272        0x4 build\gcc\obj/ril/src/ril_init.o
                0x08292272                RIL_GetLimitedCmdCnt
 *fill*         0x08292276        0x2 
 .text.ATResponse_CEREG_Handler
                0x08292278       0x84 build\gcc\obj/ril/src/ril_network.o
 .text.RIL_SIM_GetSimStateByName
                0x082922fc       0xc8 build\gcc\obj/ril/src/ril_network.o
                0x082922fc                RIL_SIM_GetSimStateByName
 .text.RIL_NW_GetEGPRSState
                0x082923c4       0x4c build\gcc\obj/ril/src/ril_network.o
                0x082923c4                RIL_NW_GetEGPRSState
 .text.ATRsp_Soc_Qiopen_Handler
                0x08292410       0xd4 build\gcc\obj/ril/src/ril_socket.o
 .text.ATRsp_Soc_Qird_Handler
                0x082924e4      0x114 build\gcc\obj/ril/src/ril_socket.o
 .text.ATRsp_Soc_Qisend_Handler
                0x082925f8       0x5c build\gcc\obj/ril/src/ril_socket.o
 .text.ATResponse_Handler
                0x08292654       0x5c build\gcc\obj/ril/src/ril_socket.o
 .text.ATRsp_Soc_Qiclose_Handler
                0x082926b0       0x4c build\gcc\obj/ril/src/ril_socket.o
 .text.RIL_SOC_QIOPEN
                0x082926fc       0xfc build\gcc\obj/ril/src/ril_socket.o
                0x082926fc                RIL_SOC_QIOPEN
 .text.RIL_SOC_QISENDEX
                0x082927f8       0x74 build\gcc\obj/ril/src/ril_socket.o
                0x082927f8                RIL_SOC_QISENDEX
 .text.RIL_SOC_QIRD
                0x0829286c       0xc8 build\gcc\obj/ril/src/ril_socket.o
                0x0829286c                RIL_SOC_QIRD
 .text.RIL_SOC_QICFG_FORMAT
                0x08292934       0x60 build\gcc\obj/ril/src/ril_socket.o
                0x08292934                RIL_SOC_QICFG_FORMAT
 .text.RIL_SOC_QICLOSE
                0x08292994       0x4c build\gcc\obj/ril/src/ril_socket.o
                0x08292994                RIL_SOC_QICLOSE
 .text.open_socket_rd_param_parse_cmd
                0x082929e0      0x160 build\gcc\obj/ril/src/ril_system.o
                0x082929e0                open_socket_rd_param_parse_cmd
 .text.QSDK_Get_Str
                0x08292b40       0x78 build\gcc\obj/ril/src/ril_system.o
                0x08292b40                QSDK_Get_Str
 .text.open_socket_push_json_param_parse_cmd
                0x08292bb8      0x128 build\gcc\obj/ril/src/ril_system.o
                0x08292bb8                open_socket_push_json_param_parse_cmd
 .text.open_lwm2m_param_parse_cmd
                0x08292ce0      0x130 build\gcc\obj/ril/src/ril_system.o
                0x08292ce0                open_lwm2m_param_parse_cmd
 .text.open_onenet_push_param_parse_cmd
                0x08292e10      0x170 build\gcc\obj/ril/src/ril_system.o
                0x08292e10                open_onenet_push_param_parse_cmd
 .text.OnURCHandler_DFOTA_Hander
                0x08292f80       0x3c build\gcc\obj/ril/src/ril_urc.o
 .text.OnURCHandler_ONENET_EXECUTE
                0x08292fbc      0x104 build\gcc\obj/ril/src/ril_urc.o
 .text.OnURCHandler_ONENET_READ
                0x082930c0       0xdc build\gcc\obj/ril/src/ril_urc.o
 .text.OnURCHandler_ONENET_DISCOVER
                0x0829319c       0xac build\gcc\obj/ril/src/ril_urc.o
 .text.OnURCHandler_ONENET_OBSERVER
                0x08293248       0xf0 build\gcc\obj/ril/src/ril_urc.o
 .text.OnURCHandler_ONENET_EVENT
                0x08293338       0xf8 build\gcc\obj/ril/src/ril_urc.o
 .text.OnURCHandler_LwM2M_OBSERVE
                0x08293430       0xc4 build\gcc\obj/ril/src/ril_urc.o
 .text.OnURCHandler_NbiotEvent
                0x082934f4       0x3c build\gcc\obj/ril/src/ril_urc.o
 .text.OnURCHandler_CFUN
                0x08293530       0x70 build\gcc\obj/ril/src/ril_urc.o
 .text.OnURCHandler_Network
                0x082935a0       0x80 build\gcc\obj/ril/src/ril_urc.o
 .text.OnURCHandler_ONENET_WRITE
                0x08293620      0x14c build\gcc\obj/ril/src/ril_urc.o
 .text.OnURCHandler_LwM2M_RECV_DATA
                0x0829376c       0xec build\gcc\obj/ril/src/ril_urc.o
 .text.OnURCHandler_QIURC_DATA
                0x08293858      0x160 build\gcc\obj/ril/src/ril_urc.o
 .text.OnURCHandler_SIM
                0x082939b8       0x90 build\gcc\obj/ril/src/ril_urc.o
 .text.OnURCHandler
                0x08293a48       0x70 build\gcc\obj/ril/src/ril_urc.o
                0x08293a48                OnURCHandler
 .text.Ql_RIL_IsURCStr
                0x08293ab8       0x40 build\gcc\obj/ril/src/ril_urc.o
                0x08293ab8                Ql_RIL_IsURCStr
 .text.Ql_StrPrefixMatch
                0x08293af8       0x28 build\gcc\obj/ril/src/ril_util.o
                0x08293af8                Ql_StrPrefixMatch
 .text.Ql_StrToUpper
                0x08293b20       0x28 build\gcc\obj/ril/src/ril_util.o
                0x08293b20                Ql_StrToUpper
 .text.Ql_RIL_FindString
                0x08293b48       0x50 build\gcc\obj/ril/src/ril_util.o
                0x08293b48                Ql_RIL_FindString
 .text.Ql_RIL_FindLine
                0x08293b98      0x154 build\gcc\obj/ril/src/ril_util.o
                0x08293b98                Ql_RIL_FindLine
 .text.factory_reset
                0x08293cec       0x30 build\gcc\obj/App/Pluto-Switch3-V1.0/app_task.o
 .text.read_sensor
                0x08293d1c       0x5c build\gcc\obj/App/Pluto-Switch3-V1.0/app_task.o
 .text.app_task
                0x08293d78      0x2e0 build\gcc\obj/App/Pluto-Switch3-V1.0/app_task.o
 .text.read_rssi
                0x08294058       0x10 build\gcc\obj/App/Pluto-Switch3-V1.0/app_task.o
 .text.app_login_state_cb
                0x08294068      0x128 build\gcc\obj/App/Pluto-Switch3-V1.0/app_task.o
 .text.recieve_message
                0x08294190      0x15c build\gcc\obj/App/Pluto-Switch3-V1.0/app_task.o
 .text.app_task_init
                0x082942ec       0xa4 build\gcc\obj/App/Pluto-Switch3-V1.0/app_task.o
                0x082942ec                app_task_init
 .text.bc26_receive_process
                0x08294390      0x278 build\gcc\obj/App/Pluto-Switch3-V1.0/bc26_init.o
 .text.bc26_receive_rssi_cb
                0x08294608       0x78 build\gcc\obj/App/Pluto-Switch3-V1.0/bc26_init.o
 .text.bc26_task
                0x08294680      0x1f0 build\gcc\obj/App/Pluto-Switch3-V1.0/bc26_init.o
 .text.bc26_init
                0x08294870       0x2c build\gcc\obj/App/Pluto-Switch3-V1.0/bc26_init.o
                0x08294870                bc26_init
 .text.bc26_query_rssi
                0x0829489c       0x74 build\gcc\obj/App/Pluto-Switch3-V1.0/bc26_init.o
                0x0829489c                bc26_query_rssi
 .text.response_service_info
                0x08294910       0x34 build\gcc\obj/App/Pluto-Switch3-V1.0/factory_settings.o
 .text.mt_command_receive_cb
                0x08294944      0x104 build\gcc\obj/App/Pluto-Switch3-V1.0/factory_settings.o
 .text.factory_task
                0x08294a48       0x30 build\gcc\obj/App/Pluto-Switch3-V1.0/factory_settings.o
 .text.factory_init
                0x08294a78       0x28 build\gcc\obj/App/Pluto-Switch3-V1.0/factory_settings.o
                0x08294a78                factory_init
 .text.HTU21DInit
                0x08294aa0       0x34 build\gcc\obj/App/Pluto-Switch3-V1.0/Hal_HTU.o
                0x08294aa0                HTU21DInit
 .text.HTU21DWork
                0x08294ad4       0xc4 build\gcc\obj/App/Pluto-Switch3-V1.0/Hal_HTU.o
                0x08294ad4                HTU21DWork
 .text.I2C_SDA_1
                0x08294b98       0x20 build\gcc\obj/App/Pluto-Switch3-V1.0/hal_i2c.o
 .text.I2C_SCL_1
                0x08294bb8       0x20 build\gcc\obj/App/Pluto-Switch3-V1.0/hal_i2c.o
 .text.I2C_SDA_0
                0x08294bd8       0x20 build\gcc\obj/App/Pluto-Switch3-V1.0/hal_i2c.o
 .text.I2C_SCL_0
                0x08294bf8       0x20 build\gcc\obj/App/Pluto-Switch3-V1.0/hal_i2c.o
 .text.I2C_SDA_READ
                0x08294c18       0x20 build\gcc\obj/App/Pluto-Switch3-V1.0/hal_i2c.o
 .text.Hal_I2C_Init
                0x08294c38       0x30 build\gcc\obj/App/Pluto-Switch3-V1.0/hal_i2c.o
                0x08294c38                Hal_I2C_Init
 .text.Hal_I2C_Start
                0x08294c68       0x24 build\gcc\obj/App/Pluto-Switch3-V1.0/hal_i2c.o
                0x08294c68                Hal_I2C_Start
 .text.Hal_I2C_Stop
                0x08294c8c       0x24 build\gcc\obj/App/Pluto-Switch3-V1.0/hal_i2c.o
                0x08294c8c                Hal_I2C_Stop
 .text.Hal_I2C_WriteByte
                0x08294cb0       0x54 build\gcc\obj/App/Pluto-Switch3-V1.0/hal_i2c.o
                0x08294cb0                Hal_I2C_WriteByte
 .text.Hal_I2C_ReadByte
                0x08294d04       0x5c build\gcc\obj/App/Pluto-Switch3-V1.0/hal_i2c.o
                0x08294d04                Hal_I2C_ReadByte
 .text.hal_key_init
                0x08294d60       0x24 build\gcc\obj/App/Pluto-Switch3-V1.0/hal_key.o
                0x08294d60                hal_key_init
 .text.hal_key_keeptime
                0x08294d84        0xc build\gcc\obj/App/Pluto-Switch3-V1.0/hal_key.o
                0x08294d84                hal_key_keeptime
 .text.hal_get_key
                0x08294d90       0x70 build\gcc\obj/App/Pluto-Switch3-V1.0/hal_key.o
                0x08294d90                hal_get_key
 .text.hal_lamp_set
                0x08294e00       0x5c build\gcc\obj/App/Pluto-Switch3-V1.0/hal_lamp.o
                0x08294e00                hal_lamp_set
 .text.hal_lamp_init
                0x08294e5c       0x34 build\gcc\obj/App/Pluto-Switch3-V1.0/hal_lamp.o
                0x08294e5c                hal_lamp_init
 .text.hal_lamp_tolgle
                0x08294e90       0x6c build\gcc\obj/App/Pluto-Switch3-V1.0/hal_lamp.o
                0x08294e90                hal_lamp_tolgle
 .text.hal_lamp_get
                0x08294efc       0x40 build\gcc\obj/App/Pluto-Switch3-V1.0/hal_lamp.o
                0x08294efc                hal_lamp_get
 .text.hal_led_set
                0x08294f3c       0x18 build\gcc\obj/App/Pluto-Switch3-V1.0/hal_led.o
                0x08294f3c                hal_led_set
 .text.hal_led_init
                0x08294f54       0x2c build\gcc\obj/App/Pluto-Switch3-V1.0/hal_led.o
                0x08294f54                hal_led_init
 .text.hal_led_task
                0x08294f80       0x5c build\gcc\obj/App/Pluto-Switch3-V1.0/hal_led.o
                0x08294f80                hal_led_task
 .text.hal_led_blink
                0x08294fdc       0x84 build\gcc\obj/App/Pluto-Switch3-V1.0/hal_led.o
                0x08294fdc                hal_led_blink
 .text.read_package
                0x08295060       0xdc build\gcc\obj/App/Pluto-Switch3-V1.0/hal_MT.o
 .text.hal_mt_init
                0x0829513c        0xc build\gcc\obj/App/Pluto-Switch3-V1.0/hal_MT.o
                0x0829513c                hal_mt_init
 .text.hal_mt_input_bytes
                0x08295148       0x38 build\gcc\obj/App/Pluto-Switch3-V1.0/hal_MT.o
                0x08295148                hal_mt_input_bytes
 .text.hal_mt_poll
                0x08295180       0x54 build\gcc\obj/App/Pluto-Switch3-V1.0/hal_MT.o
                0x08295180                hal_mt_poll
 .text.hal_mt_write
                0x082951d4       0x80 build\gcc\obj/App/Pluto-Switch3-V1.0/hal_MT.o
                0x082951d4                hal_mt_write
 .text.uart_int_handler
                0x08295254        0x2 build\gcc\obj/App/Pluto-Switch3-V1.0/hal_uart.o
 *fill*         0x08295256        0x2 
 .text.hal_uart_init
                0x08295258       0x60 build\gcc\obj/App/Pluto-Switch3-V1.0/hal_uart.o
                0x08295258                hal_uart_init
 .text.hal_uart_send
                0x082952b8       0x14 build\gcc\obj/App/Pluto-Switch3-V1.0/hal_uart.o
                0x082952b8                hal_uart_send
 .text.hal_uart_read
                0x082952cc       0x14 build\gcc\obj/App/Pluto-Switch3-V1.0/hal_uart.o
                0x082952cc                hal_uart_read
 .text.proc_main_task
                0x082952e0       0x64 build\gcc\obj/App/Pluto-Switch3-V1.0/main.o
                0x082952e0                proc_main_task
 .text.pluto_task
                0x08295344       0x34 build\gcc\obj/pluto/pluto_entry.o
 .text.pluto_init
                0x08295378       0x30 build\gcc\obj/pluto/pluto_entry.o
                0x08295378                pluto_init
 .text.pluto_registe_led
                0x082953a8        0xc build\gcc\obj/pluto/pluto_entry.o
                0x082953a8                pluto_registe_led
 .text.init_file_system
                0x082953b4       0x5c build\gcc\obj/pluto/fs/pluto_file_system.o
 .text.get_file_size
                0x08295410       0x28 build\gcc\obj/pluto/fs/pluto_file_system.o
 .text.pluto_read_text_file
                0x08295438       0x9c build\gcc\obj/pluto/fs/pluto_file_system.o
                0x08295438                pluto_read_text_file
 .text.pluto_get_file_length
                0x082954d4       0x1c build\gcc\obj/pluto/fs/pluto_file_system.o
                0x082954d4                pluto_get_file_length
 .text.pluto_read_file
                0x082954f0       0xa8 build\gcc\obj/pluto/fs/pluto_file_system.o
                0x082954f0                pluto_read_file
 .text.pluto_get_file_name
                0x08295598       0xd0 build\gcc\obj/pluto/fs/pluto_file_system.o
                0x08295598                pluto_get_file_name
 .text.pluto_delete_file
                0x08295668       0x20 build\gcc\obj/pluto/fs/pluto_file_system.o
                0x08295668                pluto_delete_file
 .text.pluto_write_text_file
                0x08295688       0xa8 build\gcc\obj/pluto/fs/pluto_file_system.o
                0x08295688                pluto_write_text_file
 .text.pluto_write_file
                0x08295730       0x94 build\gcc\obj/pluto/fs/pluto_file_system.o
                0x08295730                pluto_write_file
 .text.pluto_disk_format
                0x082957c4       0x18 build\gcc\obj/pluto/fs/pluto_file_system.o
                0x082957c4                pluto_disk_format
 .text.pluto_rename
                0x082957dc       0x28 build\gcc\obj/pluto/fs/pluto_file_system.o
                0x082957dc                pluto_rename
 .text.pluto_write_sn
                0x08295804       0xc4 build\gcc\obj/pluto/fs/pluto_file_system.o
                0x08295804                pluto_write_sn
 .text.pluto_read_sn
                0x082958c8       0x84 build\gcc\obj/pluto/fs/pluto_file_system.o
                0x082958c8                pluto_read_sn
 .text.parse_hex4
                0x0829594c       0xb2 build\gcc\obj/pluto/json/cJSON.o
 .text.skip     0x082959fe       0x14 build\gcc\obj/pluto/json/cJSON.o
 *fill*         0x08295a12        0x2 
 .text.parse_string
                0x08295a14      0x194 build\gcc\obj/pluto/json/cJSON.o
 .text.cJSON_New_Item
                0x08295ba8       0x20 build\gcc\obj/pluto/json/cJSON.o
 .text.cJSON_strdup
                0x08295bc8       0x2c build\gcc\obj/pluto/json/cJSON.o
 .text.update   0x08295bf4       0x1c build\gcc\obj/pluto/json/cJSON.o
 .text.parse_value
                0x08295c10      0x244 build\gcc\obj/pluto/json/cJSON.o
 .text.ensure   0x08295e54       0x70 build\gcc\obj/pluto/json/cJSON.o
 .text.print_string_ptr
                0x08295ec4      0x164 build\gcc\obj/pluto/json/cJSON.o
 .text.print_number.isra.2
                0x08296028       0x60 build\gcc\obj/pluto/json/cJSON.o
 .text.print_array.isra.6
                0x08296088      0x1f4 build\gcc\obj/pluto/json/cJSON.o
 .text.print_value
                0x0829627c       0xec build\gcc\obj/pluto/json/cJSON.o
 .text.print_object.isra.5
                0x08296368      0x3e4 build\gcc\obj/pluto/json/cJSON.o
 .text.cJSON_tolower
                0x0829674c        0xe build\gcc\obj/pluto/json/cJSON.o
                0x0829674c                cJSON_tolower
 *fill*         0x0829675a        0x2 
 .text.cJSON_strcasecmp
                0x0829675c       0x4c build\gcc\obj/pluto/json/cJSON.o
 .text.cJSON_GetErrorPtr
                0x082967a8        0xc build\gcc\obj/pluto/json/cJSON.o
                0x082967a8                cJSON_GetErrorPtr
 .text.cJSON_Delete
                0x082967b4       0x2c build\gcc\obj/pluto/json/cJSON.o
                0x082967b4                cJSON_Delete
 .text.cJSON_ParseWithOpts
                0x082967e0       0x78 build\gcc\obj/pluto/json/cJSON.o
                0x082967e0                cJSON_ParseWithOpts
 .text.cJSON_Parse
                0x08296858       0x10 build\gcc\obj/pluto/json/cJSON.o
                0x08296858                cJSON_Parse
 .text.cJSON_Print
                0x08296868       0x14 build\gcc\obj/pluto/json/cJSON.o
                0x08296868                cJSON_Print
 .text.cJSON_GetArraySize
                0x0829687c        0xe build\gcc\obj/pluto/json/cJSON.o
                0x0829687c                cJSON_GetArraySize
 .text.cJSON_GetArrayItem
                0x0829688a       0x10 build\gcc\obj/pluto/json/cJSON.o
                0x0829688a                cJSON_GetArrayItem
 *fill*         0x0829689a        0x2 
 .text.cJSON_GetObjectItem
                0x0829689c       0x20 build\gcc\obj/pluto/json/cJSON.o
                0x0829689c                cJSON_GetObjectItem
 .text.cJSON_AddItemToArray
                0x082968bc       0x18 build\gcc\obj/pluto/json/cJSON.o
                0x082968bc                cJSON_AddItemToArray
 .text.cJSON_AddItemToObject
                0x082968d4       0x30 build\gcc\obj/pluto/json/cJSON.o
                0x082968d4                cJSON_AddItemToObject
 .text.cJSON_DetachItemFromArray
                0x08296904       0x32 build\gcc\obj/pluto/json/cJSON.o
                0x08296904                cJSON_DetachItemFromArray
 *fill*         0x08296936        0x2 
 .text.cJSON_DeleteItemFromArray
                0x08296938       0x14 build\gcc\obj/pluto/json/cJSON.o
                0x08296938                cJSON_DeleteItemFromArray
 .text.cJSON_DetachItemFromObject
                0x0829694c       0x34 build\gcc\obj/pluto/json/cJSON.o
                0x0829694c                cJSON_DetachItemFromObject
 .text.cJSON_DeleteItemFromObject
                0x08296980       0x14 build\gcc\obj/pluto/json/cJSON.o
                0x08296980                cJSON_DeleteItemFromObject
 .text.cJSON_CreateNumber
                0x08296994       0x18 build\gcc\obj/pluto/json/cJSON.o
                0x08296994                cJSON_CreateNumber
 .text.cJSON_CreateString
                0x082969ac       0x24 build\gcc\obj/pluto/json/cJSON.o
                0x082969ac                cJSON_CreateString
 .text.cJSON_CreateArray
                0x082969d0       0x14 build\gcc\obj/pluto/json/cJSON.o
                0x082969d0                cJSON_CreateArray
 .text.cJSON_CreateObject
                0x082969e4       0x14 build\gcc\obj/pluto/json/cJSON.o
                0x082969e4                cJSON_CreateObject
 .text.tcp_socket_deinit
                0x082969f8        0x4 build\gcc\obj/pluto/socket/tcp_socket.o
                0x082969f8                tcp_socket_deinit
 .text.tcp_socket_init
                0x082969fc        0x4 build\gcc\obj/pluto/socket/tcp_socket.o
                0x082969fc                tcp_socket_init
 .text.tcp_socket_send
                0x08296a00        0x4 build\gcc\obj/pluto/socket/tcp_socket.o
                0x08296a00                tcp_socket_send
 .text.socket_task
                0x08296a04      0x15c build\gcc\obj/pluto/socket/udp_socket.o
 .text.udp_socket_deinit
                0x08296b60       0x48 build\gcc\obj/pluto/socket/udp_socket.o
                0x08296b60                udp_socket_deinit
 .text.udp_socket_init
                0x08296ba8       0x60 build\gcc\obj/pluto/socket/udp_socket.o
                0x08296ba8                udp_socket_init
 .text.udp_socket_send
                0x08296c08       0x6c build\gcc\obj/pluto/socket/udp_socket.o
                0x08296c08                udp_socket_send
 .text.proc_udp_task
                0x08296c74       0xa8 build\gcc\obj/pluto/socket/udp_socket.o
                0x08296c74                proc_udp_task
 .text.spiffs_mount
                0x08296d1c       0x80 build\gcc\obj/pluto/spiffs/fs_entry.o
 .text.spifs_init
                0x08296d9c       0x8c build\gcc\obj/pluto/spiffs/fs_entry.o
                0x08296d9c                spifs_init
 .text.spifs_format
                0x08296e28       0x40 build\gcc\obj/pluto/spiffs/fs_entry.o
                0x08296e28                spifs_format
 .text.spifs_open
                0x08296e68       0x1c build\gcc\obj/pluto/spiffs/fs_entry.o
                0x08296e68                spifs_open
 .text.spifs_close
                0x08296e84       0x14 build\gcc\obj/pluto/spiffs/fs_entry.o
                0x08296e84                spifs_close
 .text.spifs_write
                0x08296e98       0x1c build\gcc\obj/pluto/spiffs/fs_entry.o
                0x08296e98                spifs_write
 .text.spifs_read
                0x08296eb4       0x1c build\gcc\obj/pluto/spiffs/fs_entry.o
                0x08296eb4                spifs_read
 .text.spifs_stat
                0x08296ed0       0x18 build\gcc\obj/pluto/spiffs/fs_entry.o
                0x08296ed0                spifs_stat
 .text.spifs_opendir
                0x08296ee8       0x18 build\gcc\obj/pluto/spiffs/fs_entry.o
                0x08296ee8                spifs_opendir
 .text.spifs_readdir
                0x08296f00        0xc build\gcc\obj/pluto/spiffs/fs_entry.o
                0x08296f00                spifs_readdir
 .text.spifs_closedir
                0x08296f0c        0xc build\gcc\obj/pluto/spiffs/fs_entry.o
                0x08296f0c                spifs_closedir
 .text.spifs_remove
                0x08296f18       0x14 build\gcc\obj/pluto/spiffs/fs_entry.o
                0x08296f18                spifs_remove
 .text.spifs_rename
                0x08296f2c       0x18 build\gcc\obj/pluto/spiffs/fs_entry.o
                0x08296f2c                spifs_rename
 .text.spifs_info
                0x08296f44       0x18 build\gcc\obj/pluto/spiffs/fs_entry.o
                0x08296f44                spifs_info
 .text.hal_spi_init
                0x08296f5c       0xac build\gcc\obj/pluto/spiffs/hal_spi.o
                0x08296f5c                hal_spi_init
 .text.hal_spi_cs
                0x08297008       0x14 build\gcc\obj/pluto/spiffs/hal_spi.o
                0x08297008                hal_spi_cs
 .text.spiffs_cache_page_get
                0x0829701c       0x48 build\gcc\obj/pluto/spiffs/spiffs_cache.o
 .text.spiffs_cache_page_free
                0x08297064       0x5e build\gcc\obj/pluto/spiffs/spiffs_cache.o
 .text.spiffs_cache_page_allocate
                0x082970c2       0x36 build\gcc\obj/pluto/spiffs/spiffs_cache.o
 .text.spiffs_cache_page_remove_oldest.constprop.0
                0x082970f8       0x68 build\gcc\obj/pluto/spiffs/spiffs_cache.o
 .text.spiffs_cache_drop_page
                0x08297160       0x20 build\gcc\obj/pluto/spiffs/spiffs_cache.o
                0x08297160                spiffs_cache_drop_page
 .text.spiffs_phys_rd
                0x08297180      0x120 build\gcc\obj/pluto/spiffs/spiffs_cache.o
                0x08297180                spiffs_phys_rd
 .text.spiffs_phys_wr
                0x082972a0       0x9c build\gcc\obj/pluto/spiffs/spiffs_cache.o
                0x082972a0                spiffs_phys_wr
 .text.spiffs_cache_page_get_by_fd
                0x0829733c       0x42 build\gcc\obj/pluto/spiffs/spiffs_cache.o
                0x0829733c                spiffs_cache_page_get_by_fd
 *fill*         0x0829737e        0x2 
 .text.spiffs_cache_page_allocate_by_fd
                0x08297380       0x28 build\gcc\obj/pluto/spiffs/spiffs_cache.o
                0x08297380                spiffs_cache_page_allocate_by_fd
 .text.spiffs_cache_fd_release
                0x082973a8       0x38 build\gcc\obj/pluto/spiffs/spiffs_cache.o
                0x082973a8                spiffs_cache_fd_release
 .text.spiffs_cache_init
                0x082973e0       0x94 build\gcc\obj/pluto/spiffs/spiffs_cache.o
                0x082973e0                spiffs_cache_init
 .text.esp_spiffs_read
                0x08297474       0xb8 build\gcc\obj/pluto/spiffs/spiffs_flash_functions.o
                0x08297474                esp_spiffs_read
 .text.esp_spiffs_write
                0x0829752c       0xcc build\gcc\obj/pluto/spiffs/spiffs_flash_functions.o
                0x0829752c                esp_spiffs_write
 .text.esp_spiffs_erase
                0x082975f8       0x74 build\gcc\obj/pluto/spiffs/spiffs_flash_functions.o
                0x082975f8                esp_spiffs_erase
 .text.spiffs_gc_erase_block
                0x0829766c       0x38 build\gcc\obj/pluto/spiffs/spiffs_gc.o
 .text.spiffs_gc_quick
                0x082976a4      0x144 build\gcc\obj/pluto/spiffs/spiffs_gc.o
                0x082976a4                spiffs_gc_quick
 .text.spiffs_gc_erase_page_stats
                0x082977e8       0xc0 build\gcc\obj/pluto/spiffs/spiffs_gc.o
                0x082977e8                spiffs_gc_erase_page_stats
 .text.spiffs_gc_find_candidate
                0x082978a8      0x208 build\gcc\obj/pluto/spiffs/spiffs_gc.o
                0x082978a8                spiffs_gc_find_candidate
 .text.spiffs_gc_clean
                0x08297ab0      0x510 build\gcc\obj/pluto/spiffs/spiffs_gc.o
                0x08297ab0                spiffs_gc_clean
 .text.spiffs_gc_check
                0x08297fc0      0x160 build\gcc\obj/pluto/spiffs/spiffs_gc.o
                0x08297fc0                spiffs_gc_check
 .text.spiffs_stat_pix
                0x08298120       0xac build\gcc\obj/pluto/spiffs/spiffs_hydrogen.o
 .text.spiffs_read_dir_v
                0x082981cc       0xa0 build\gcc\obj/pluto/spiffs/spiffs_hydrogen.o
 .text.spiffs_hydro_write.isra.0
                0x0829826c       0x5c build\gcc\obj/pluto/spiffs/spiffs_hydrogen.o
 .text.spiffs_fflush_cache
                0x082982c8       0x6c build\gcc\obj/pluto/spiffs/spiffs_hydrogen.o
 .text.SPIFFS_format
                0x08298334       0x5c build\gcc\obj/pluto/spiffs/spiffs_hydrogen.o
                0x08298334                SPIFFS_format
 .text.SPIFFS_mount
                0x08298390       0xf8 build\gcc\obj/pluto/spiffs/spiffs_hydrogen.o
                0x08298390                SPIFFS_mount
 .text.SPIFFS_unmount
                0x08298488       0x50 build\gcc\obj/pluto/spiffs/spiffs_hydrogen.o
                0x08298488                SPIFFS_unmount
 .text.SPIFFS_open
                0x082984d8      0x150 build\gcc\obj/pluto/spiffs/spiffs_hydrogen.o
                0x082984d8                SPIFFS_open
 .text.SPIFFS_read
                0x08298628       0xbc build\gcc\obj/pluto/spiffs/spiffs_hydrogen.o
                0x08298628                SPIFFS_read
 .text.SPIFFS_write
                0x082986e4      0x198 build\gcc\obj/pluto/spiffs/spiffs_hydrogen.o
                0x082986e4                SPIFFS_write
 .text.SPIFFS_remove
                0x0829887c       0xd4 build\gcc\obj/pluto/spiffs/spiffs_hydrogen.o
                0x0829887c                SPIFFS_remove
 .text.SPIFFS_stat
                0x08298950       0x6c build\gcc\obj/pluto/spiffs/spiffs_hydrogen.o
                0x08298950                SPIFFS_stat
 .text.SPIFFS_close
                0x082989bc       0x48 build\gcc\obj/pluto/spiffs/spiffs_hydrogen.o
                0x082989bc                SPIFFS_close
 .text.SPIFFS_rename
                0x08298a04      0x110 build\gcc\obj/pluto/spiffs/spiffs_hydrogen.o
                0x08298a04                SPIFFS_rename
 .text.SPIFFS_opendir
                0x08298b14       0x34 build\gcc\obj/pluto/spiffs/spiffs_hydrogen.o
                0x08298b14                SPIFFS_opendir
 .text.SPIFFS_readdir
                0x08298b48       0x68 build\gcc\obj/pluto/spiffs/spiffs_hydrogen.o
                0x08298b48                SPIFFS_readdir
 .text.SPIFFS_closedir
                0x08298bb0       0x2c build\gcc\obj/pluto/spiffs/spiffs_hydrogen.o
                0x08298bb0                SPIFFS_closedir
 .text.SPIFFS_info
                0x08298bdc       0x5c build\gcc\obj/pluto/spiffs/spiffs_hydrogen.o
                0x08298bdc                SPIFFS_info
 .text.spiffs_obj_lu_find_id_and_span_v
                0x08298c38       0x90 build\gcc\obj/pluto/spiffs/spiffs_nucleus.o
 .text.spiffs_page_index_check
                0x08298cc8       0xc8 build\gcc\obj/pluto/spiffs/spiffs_nucleus.o
 .text.spiffs_object_find_object_index_header_by_name_v
                0x08298d90       0x88 build\gcc\obj/pluto/spiffs/spiffs_nucleus.o
 .text.spiffs_obj_lu_find_free_obj_id_bitmap_v
                0x08298e18       0xc4 build\gcc\obj/pluto/spiffs/spiffs_nucleus.o
 .text.spiffs_obj_lu_scan_v
                0x08298edc       0x2c build\gcc\obj/pluto/spiffs/spiffs_nucleus.o
 .text.spiffs_update_ix_map.isra.1
                0x08298f08       0xe2 build\gcc\obj/pluto/spiffs/spiffs_nucleus.o
 .text.spiffs_hash.isra.2
                0x08298fea       0x1c build\gcc\obj/pluto/spiffs/spiffs_nucleus.o
 *fill*         0x08299006        0x2 
 .text.spiffs_page_data_check.isra.3
                0x08299008       0xbc build\gcc\obj/pluto/spiffs/spiffs_nucleus.o
 .text.spiffs_obj_lu_find_free_obj_id_compact_v
                0x082990c4       0xac build\gcc\obj/pluto/spiffs/spiffs_nucleus.o
 .text.spiffs_phys_cpy
                0x08299170       0x60 build\gcc\obj/pluto/spiffs/spiffs_nucleus.o
                0x08299170                spiffs_phys_cpy
 .text.spiffs_obj_lu_find_entry_visitor
                0x082991d0      0x1dc build\gcc\obj/pluto/spiffs/spiffs_nucleus.o
                0x082991d0                spiffs_obj_lu_find_entry_visitor
 .text.spiffs_erase_block
                0x082993ac       0xc8 build\gcc\obj/pluto/spiffs/spiffs_nucleus.o
                0x082993ac                spiffs_erase_block
 .text.spiffs_obj_lu_scan
                0x08299474      0x158 build\gcc\obj/pluto/spiffs/spiffs_nucleus.o
                0x08299474                spiffs_obj_lu_scan
 .text.spiffs_obj_lu_find_id
                0x082995cc       0x38 build\gcc\obj/pluto/spiffs/spiffs_nucleus.o
                0x082995cc                spiffs_obj_lu_find_id
 .text.spiffs_obj_lu_find_free
                0x08299604       0x78 build\gcc\obj/pluto/spiffs/spiffs_nucleus.o
                0x08299604                spiffs_obj_lu_find_free
 .text.spiffs_obj_lu_find_id_and_span
                0x0829967c       0x8c build\gcc\obj/pluto/spiffs/spiffs_nucleus.o
                0x0829967c                spiffs_obj_lu_find_id_and_span
 .text.spiffs_page_allocate_data
                0x08299708      0x170 build\gcc\obj/pluto/spiffs/spiffs_nucleus.o
                0x08299708                spiffs_page_allocate_data
 .text.spiffs_page_delete
                0x08299878       0x88 build\gcc\obj/pluto/spiffs/spiffs_nucleus.o
                0x08299878                spiffs_page_delete
 .text.spiffs_page_move
                0x08299900      0x14c build\gcc\obj/pluto/spiffs/spiffs_nucleus.o
                0x08299900                spiffs_page_move
 .text.spiffs_cb_object_event
                0x08299a4c      0x160 build\gcc\obj/pluto/spiffs/spiffs_nucleus.o
                0x08299a4c                spiffs_cb_object_event
 .text.spiffs_object_create
                0x08299bac      0x168 build\gcc\obj/pluto/spiffs/spiffs_nucleus.o
                0x08299bac                spiffs_object_create
 .text.spiffs_object_update_index_hdr
                0x08299d14      0x10c build\gcc\obj/pluto/spiffs/spiffs_nucleus.o
                0x08299d14                spiffs_object_update_index_hdr
 .text.spiffs_object_open_by_page
                0x08299e20       0xd8 build\gcc\obj/pluto/spiffs/spiffs_nucleus.o
                0x08299e20                spiffs_object_open_by_page
 .text.spiffs_object_append
                0x08299ef8      0x5d0 build\gcc\obj/pluto/spiffs/spiffs_nucleus.o
                0x08299ef8                spiffs_object_append
 .text.spiffs_object_modify
                0x0829a4c8      0x4e0 build\gcc\obj/pluto/spiffs/spiffs_nucleus.o
                0x0829a4c8                spiffs_object_modify
 .text.spiffs_object_find_object_index_header_by_name
                0x0829a9a8       0x78 build\gcc\obj/pluto/spiffs/spiffs_nucleus.o
                0x0829a9a8                spiffs_object_find_object_index_header_by_name
 .text.spiffs_object_truncate
                0x0829aa20      0x544 build\gcc\obj/pluto/spiffs/spiffs_nucleus.o
                0x0829aa20                spiffs_object_truncate
 .text.spiffs_object_read
                0x0829af64      0x214 build\gcc\obj/pluto/spiffs/spiffs_nucleus.o
                0x0829af64                spiffs_object_read
 .text.spiffs_obj_lu_find_free_obj_id
                0x0829b178      0x180 build\gcc\obj/pluto/spiffs/spiffs_nucleus.o
                0x0829b178                spiffs_obj_lu_find_free_obj_id
 .text.spiffs_fd_find_new
                0x0829b2f8       0xe4 build\gcc\obj/pluto/spiffs/spiffs_nucleus.o
                0x0829b2f8                spiffs_fd_find_new
 .text.spiffs_fd_return
                0x0829b3dc       0x38 build\gcc\obj/pluto/spiffs/spiffs_nucleus.o
                0x0829b3dc                spiffs_fd_return
 .text.spiffs_fd_get
                0x0829b414       0x38 build\gcc\obj/pluto/spiffs/spiffs_nucleus.o
                0x0829b414                spiffs_fd_get
 .text.spiffs_fd_temporal_cache_rehash
                0x0829b44c       0x34 build\gcc\obj/pluto/spiffs/spiffs_nucleus.o
                0x0829b44c                spiffs_fd_temporal_cache_rehash
 .text.W25qxx_WriteReadOneByte
                0x0829b480       0x24 build\gcc\obj/pluto/spiffs/w25qxx.o
                0x0829b480                W25qxx_WriteReadOneByte
 .text.W25qxx_WriteOneByte
                0x0829b4a4       0x1c build\gcc\obj/pluto/spiffs/w25qxx.o
                0x0829b4a4                W25qxx_WriteOneByte
 .text.W25qxx_ReadID
                0x0829b4c0       0x64 build\gcc\obj/pluto/spiffs/w25qxx.o
                0x0829b4c0                W25qxx_ReadID
 .text.W25qxx_ReadUniqID
                0x0829b524       0x54 build\gcc\obj/pluto/spiffs/w25qxx.o
                0x0829b524                W25qxx_ReadUniqID
 .text.W25qxx_WriteEnable
                0x0829b578       0x28 build\gcc\obj/pluto/spiffs/w25qxx.o
                0x0829b578                W25qxx_WriteEnable
 .text.W25qxx_ReadStatusRegister
                0x0829b5a0       0xa8 build\gcc\obj/pluto/spiffs/w25qxx.o
                0x0829b5a0                W25qxx_ReadStatusRegister
 .text.W25qxx_BlockUnlock
                0x0829b648       0x6c build\gcc\obj/pluto/spiffs/w25qxx.o
                0x0829b648                W25qxx_BlockUnlock
 .text.W25qxx_WaitForWriteEnd
                0x0829b6b4       0x40 build\gcc\obj/pluto/spiffs/w25qxx.o
                0x0829b6b4                W25qxx_WaitForWriteEnd
 .text.W25qxx_Init
                0x0829b6f4       0xdc build\gcc\obj/pluto/spiffs/w25qxx.o
                0x0829b6f4                W25qxx_Init
 .text.W25qxx_EraseSector
                0x0829b7d0       0x98 build\gcc\obj/pluto/spiffs/w25qxx.o
                0x0829b7d0                W25qxx_EraseSector
 .text.W25qxx_WritePage
                0x0829b868       0xa8 build\gcc\obj/pluto/spiffs/w25qxx.o
                0x0829b868                W25qxx_WritePage
 .text.W25qxx_WriteSector
                0x0829b910       0x74 build\gcc\obj/pluto/spiffs/w25qxx.o
                0x0829b910                W25qxx_WriteSector
 .text.W25qxx_ReadPage
                0x0829b984       0x98 build\gcc\obj/pluto/spiffs/w25qxx.o
                0x0829b984                W25qxx_ReadPage
 .text.W25qxx_ReadSector
                0x0829ba1c       0x74 build\gcc\obj/pluto/spiffs/w25qxx.o
                0x0829ba1c                W25qxx_ReadSector
 .text.pluto_pre_init
                0x0829ba90      0x128 pluto/plutolib.a(pluto.o)
                0x0829ba90                pluto_pre_init
 .text.pluto_start_server
                0x0829bbb8       0x78 pluto/plutolib.a(pluto.o)
                0x0829bbb8                pluto_start_server
 .text.reset_timer
                0x0829bc30       0x10 pluto/plutolib.a(pluto_common.o)
 .text.pluto_get_seq
                0x0829bc40       0x10 pluto/plutolib.a(pluto_common.o)
                0x0829bc40                pluto_get_seq
 .text.pluto_set_busy_mask
                0x0829bc50       0x1c pluto/plutolib.a(pluto_common.o)
                0x0829bc50                pluto_set_busy_mask
 .text.pluto_clear_busy_mask
                0x0829bc6c       0x20 pluto/plutolib.a(pluto_common.o)
                0x0829bc6c                pluto_clear_busy_mask
 .text.pluto_set_server_url
                0x0829bc8c       0x14 pluto/plutolib.a(pluto_common.o)
                0x0829bc8c                pluto_set_server_url
 .text.pluto_get_time_zone
                0x0829bca0        0xc pluto/plutolib.a(pluto_common.o)
                0x0829bca0                pluto_get_time_zone
 .text.pluto_set_time_zone
                0x0829bcac        0xc pluto/plutolib.a(pluto_common.o)
                0x0829bcac                pluto_set_time_zone
 .text.pluto_get_chip_id
                0x0829bcb8        0x8 pluto/plutolib.a(pluto_common.o)
                0x0829bcb8                pluto_get_chip_id
 .text.pluto_set_chip_id
                0x0829bcc0       0x18 pluto/plutolib.a(pluto_common.o)
                0x0829bcc0                pluto_set_chip_id
 .text.pluto_get_local_key
                0x0829bcd8       0x40 pluto/plutolib.a(pluto_common.o)
                0x0829bcd8                pluto_get_local_key
 .text.pluto_get_default_key
                0x0829bd18        0x8 pluto/plutolib.a(pluto_common.o)
                0x0829bd18                pluto_get_default_key
 .text.pluto_get_comkey
                0x0829bd20        0x8 pluto/plutolib.a(pluto_common.o)
                0x0829bd20                pluto_get_comkey
 .text.pluto_get_guestkey
                0x0829bd28        0x8 pluto/plutolib.a(pluto_common.o)
                0x0829bd28                pluto_get_guestkey
 .text.pluto_set_adminkey
                0x0829bd30       0x18 pluto/plutolib.a(pluto_common.o)
                0x0829bd30                pluto_set_adminkey
 .text.pluto_set_comkey
                0x0829bd48       0x18 pluto/plutolib.a(pluto_common.o)
                0x0829bd48                pluto_set_comkey
 .text.pluto_set_guestkey
                0x0829bd60       0x18 pluto/plutolib.a(pluto_common.o)
                0x0829bd60                pluto_set_guestkey
 .text.pluto_set_read_lqi_cb
                0x0829bd78        0xc pluto/plutolib.a(pluto_common.o)
                0x0829bd78                pluto_set_read_lqi_cb
 .text.pluto_get_device_lqi
                0x0829bd84       0x64 pluto/plutolib.a(pluto_common.o)
                0x0829bd84                pluto_get_device_lqi
 .text.pluto_reset_system
                0x0829bde8       0x24 pluto/plutolib.a(pluto_common.o)
                0x0829bde8                pluto_reset_system
 .text.aps_set_listener
                0x0829be0c       0x10 pluto/plutolib.a(aps_common.o)
                0x0829be0c                aps_set_listener
 .text.aps_package_get_lenth
                0x0829be1c       0x10 pluto/plutolib.a(aps_common.o)
                0x0829be1c                aps_package_get_lenth
 .text.aps_package
                0x0829be2c       0x5c pluto/plutolib.a(aps_common.o)
                0x0829be2c                aps_package
 .text.aps_package_status
                0x0829be88       0x5c pluto/plutolib.a(aps_common.o)
                0x0829be88                aps_package_status
 .text.aps_fetch_package
                0x0829bee4       0x54 pluto/plutolib.a(aps_common.o)
                0x0829bee4                aps_fetch_package
 .text.aps_package_get_data
                0x0829bf38        0x4 pluto/plutolib.a(aps_common.o)
                0x0829bf38                aps_package_get_data
 .text.aps_send
                0x0829bf3c       0xcc pluto/plutolib.a(aps_output.o)
 .text.aps_output_task
                0x0829c008      0x184 pluto/plutolib.a(aps_output.o)
 .text.aps_req_send_command
                0x0829c18c       0xb4 pluto/plutolib.a(aps_output.o)
                0x0829c18c                aps_req_send_command
 .text.aps_req_send_status
                0x0829c240       0xbc pluto/plutolib.a(aps_output.o)
                0x0829c240                aps_req_send_status
 .text.aps_req_report_command
                0x0829c2fc      0x150 pluto/plutolib.a(aps_output.o)
                0x0829c2fc                aps_req_report_command
 .text.aps_req_report_status
                0x0829c44c       0xfc pluto/plutolib.a(aps_output.o)
                0x0829c44c                aps_req_report_status
 .text.aps_remove_all_message
                0x0829c548       0x5c pluto/plutolib.a(aps_output.o)
                0x0829c548                aps_remove_all_message
 .text.save_timer
                0x0829c5a4       0x38 pluto/plutolib.a(aps_user.o)
 .text.aps_save_user
                0x0829c5dc       0xf0 pluto/plutolib.a(aps_user.o)
                0x0829c5dc                aps_save_user
 .text.aps_start_fetch_user
                0x0829c6cc       0x34 pluto/plutolib.a(aps_user.o)
                0x0829c6cc                aps_start_fetch_user
 .text.aps_get_user
                0x0829c700       0x48 pluto/plutolib.a(aps_user.o)
                0x0829c700                aps_get_user
 .text.output_package
                0x0829c748       0xcc pluto/plutolib.a(lcl_output.o)
 .text.remove_package
                0x0829c814       0xa4 pluto/plutolib.a(lcl_output.o)
 .text.output_task
                0x0829c8b8      0x148 pluto/plutolib.a(lcl_output.o)
 .text.req_send_command.constprop.0
                0x0829ca00       0xd8 pluto/plutolib.a(lcl_output.o)
 .text.lcl_req_Send_data
                0x0829cad8       0x58 pluto/plutolib.a(lcl_output.o)
                0x0829cad8                lcl_req_Send_data
 .text.lcl_req_send_response
                0x0829cb30       0x28 pluto/plutolib.a(lcl_output.o)
                0x0829cb30                lcl_req_send_response
 .text.lcl_req_send_command
                0x0829cb58       0x44 pluto/plutolib.a(lcl_output.o)
                0x0829cb58                lcl_req_send_command
 .text.lcl_updata_parameter
                0x0829cb9c       0x50 pluto/plutolib.a(lcl_output.o)
                0x0829cb9c                lcl_updata_parameter
 .text.lcl_output_state_cb
                0x0829cbec       0x6c pluto/plutolib.a(lcl_output.o)
                0x0829cbec                lcl_output_state_cb
 .text.lcl_send_state_cb
                0x0829cc58       0x38 pluto/plutolib.a(lcl_output.o)
                0x0829cc58                lcl_send_state_cb
 .text.set_login_parametes
                0x0829cc90       0xd8 pluto/plutolib.a(login.o)
 .text.login_set_user_psw
                0x0829cd68       0x30 pluto/plutolib.a(login.o)
                0x0829cd68                login_set_user_psw
 .text.login_get_password
                0x0829cd98        0x8 pluto/plutolib.a(login.o)
                0x0829cd98                login_get_password
 .text.login_start
                0x0829cda0       0x30 pluto/plutolib.a(login.o)
                0x0829cda0                login_start
 .text.login_save_current_timestamp
                0x0829cdd0       0x14 pluto/plutolib.a(login.o)
                0x0829cdd0                login_save_current_timestamp
 .text.login_task
                0x0829cde4      0x168 pluto/plutolib.a(login.o)
 .text.login_get_current_timestamp
                0x0829cf4c       0x14 pluto/plutolib.a(login.o)
                0x0829cf4c                login_get_current_timestamp
 .text.login_set_state_change_cb
                0x0829cf60        0xc pluto/plutolib.a(login.o)
                0x0829cf60                login_set_state_change_cb
 .text.login_get_state
                0x0829cf6c       0x1c pluto/plutolib.a(login.o)
                0x0829cf6c                login_get_state
 .text.login_respone_cb
                0x0829cf88      0x168 pluto/plutolib.a(login.o)
                0x0829cf88                login_respone_cb
 .text.logout_respone_cb
                0x0829d0f0       0x7c pluto/plutolib.a(login.o)
                0x0829d0f0                logout_respone_cb
 .text.socket_init
                0x0829d16c       0x20 pluto/plutolib.a(nwk_common.o)
                0x0829d16c                socket_init
 .text.socket_udp_input
                0x0829d18c       0x44 pluto/plutolib.a(nwk_common.o)
                0x0829d18c                socket_udp_input
 .text.nwk_get_server_online_flag
                0x0829d1d0        0xc pluto/plutolib.a(nwk_nib.o)
                0x0829d1d0                nwk_get_server_online_flag
 .text.nwk_set_server_online_flag
                0x0829d1dc        0xc pluto/plutolib.a(nwk_nib.o)
                0x0829d1dc                nwk_set_server_online_flag
 .text.nwk_get_local_addr
                0x0829d1e8        0x8 pluto/plutolib.a(nwk_nib.o)
                0x0829d1e8                nwk_get_local_addr
 .text.nwk_set_local_addr
                0x0829d1f0       0x18 pluto/plutolib.a(nwk_nib.o)
                0x0829d1f0                nwk_set_local_addr
 .text.nwk_get_server_addr
                0x0829d208        0x8 pluto/plutolib.a(nwk_nib.o)
                0x0829d208                nwk_get_server_addr
 .text.nwk_get_broadcast_addr
                0x0829d210        0x8 pluto/plutolib.a(nwk_nib.o)
                0x0829d210                nwk_get_broadcast_addr
 .text.nwk_get_broadcast_ipv4
                0x0829d218        0x6 pluto/plutolib.a(nwk_nib.o)
                0x0829d218                nwk_get_broadcast_ipv4
 *fill*         0x0829d21e        0x2 
 .text.nwk_get_trans_protocol
                0x0829d220        0xc pluto/plutolib.a(nwk_nib.o)
                0x0829d220                nwk_get_trans_protocol
 .text.nwk_set_trans_protocol
                0x0829d22c       0x48 pluto/plutolib.a(nwk_nib.o)
                0x0829d22c                nwk_set_trans_protocol
 .text.nwk_get_server_ipv4
                0x0829d274        0xc pluto/plutolib.a(nwk_nib.o)
                0x0829d274                nwk_get_server_ipv4
 .text.nwk_set_server_ipv4
                0x0829d280        0xc pluto/plutolib.a(nwk_nib.o)
                0x0829d280                nwk_set_server_ipv4
 .text.nwk_get_server_port
                0x0829d28c       0x10 pluto/plutolib.a(nwk_nib.o)
                0x0829d28c                nwk_get_server_port
 .text.nwk_set_server_port
                0x0829d29c       0x10 pluto/plutolib.a(nwk_nib.o)
                0x0829d29c                nwk_set_server_port
 .text.nwk_get_local_ipv4
                0x0829d2ac        0xc pluto/plutolib.a(nwk_nib.o)
                0x0829d2ac                nwk_get_local_ipv4
 .text.nwk_set_local_ipv4
                0x0829d2b8        0xc pluto/plutolib.a(nwk_nib.o)
                0x0829d2b8                nwk_set_local_ipv4
 .text.nwk_get_local_port
                0x0829d2c4        0xc pluto/plutolib.a(nwk_nib.o)
                0x0829d2c4                nwk_get_local_port
 .text.nwk_set_local_port
                0x0829d2d0        0xc pluto/plutolib.a(nwk_nib.o)
                0x0829d2d0                nwk_set_local_port
 .text.nwk_get_route_flag
                0x0829d2dc        0xc pluto/plutolib.a(nwk_nib.o)
                0x0829d2dc                nwk_get_route_flag
 .text.nwk_set_route_flag
                0x0829d2e8        0xc pluto/plutolib.a(nwk_nib.o)
                0x0829d2e8                nwk_set_route_flag
 .text.nwk_get_beacon_time
                0x0829d2f4        0xc pluto/plutolib.a(nwk_nib.o)
                0x0829d2f4                nwk_get_beacon_time
 .text.nwk_set_beacon_time
                0x0829d300        0xc pluto/plutolib.a(nwk_nib.o)
                0x0829d300                nwk_set_beacon_time
 .text.package  0x0829d30c       0xac pluto/plutolib.a(nwk_output.o)
 .text.nwk_udp_send
                0x0829d3b8       0x34 pluto/plutolib.a(nwk_output.o)
 .text.output_package
                0x0829d3ec      0x150 pluto/plutolib.a(nwk_output.o)
 .text.nwk_remove_message
                0x0829d53c       0x90 pluto/plutolib.a(nwk_output.o)
 .text.output_task
                0x0829d5cc      0x240 pluto/plutolib.a(nwk_output.o)
 .text.nwk_req_send_data
                0x0829d80c       0xc8 pluto/plutolib.a(nwk_output.o)
                0x0829d80c                nwk_req_send_data
 .text.nwk_req_send_ack
                0x0829d8d4       0x24 pluto/plutolib.a(nwk_output.o)
                0x0829d8d4                nwk_req_send_ack
 .text.nwk_send_state_cb
                0x0829d8f8       0x10 pluto/plutolib.a(nwk_output.o)
                0x0829d8f8                nwk_send_state_cb
 .text.nwk_rsp_route
                0x0829d908       0x80 pluto/plutolib.a(nwk_output.o)
                0x0829d908                nwk_rsp_route
 .text.pkg_timout
                0x0829d988        0xc pluto/plutolib.a(nwk_pre_input.o)
 .text.nwk_pre_input
                0x0829d994      0x13c pluto/plutolib.a(nwk_pre_input.o)
                0x0829d994                nwk_pre_input
 .text.nwk_route_add
                0x0829dad0       0xb8 pluto/plutolib.a(nwk_route.o)
                0x0829dad0                nwk_route_add
 .text.nwk_route_remove
                0x0829db88       0x34 pluto/plutolib.a(nwk_route.o)
                0x0829db88                nwk_route_remove
 .text.nwk_package_limit_save
                0x0829dbbc       0xa0 pluto/plutolib.a(nwk_route.o)
                0x0829dbbc                nwk_package_limit_save
 .text.nwk_pakage_limit_get
                0x0829dc5c       0xa8 pluto/plutolib.a(nwk_route.o)
                0x0829dc5c                nwk_pakage_limit_get
 .text.osInit   0x0829dd04        0x4 pluto/plutolib.a(osCore.o)
                0x0829dd04                osInit
 .text._EnterCritical
                0x0829dd08       0x18 pluto/plutolib.a(osCore.o)
                0x0829dd08                _EnterCritical
 .text._ExitCritical
                0x0829dd20       0x14 pluto/plutolib.a(osCore.o)
                0x0829dd20                _ExitCritical
 .text.osSendMessage
                0x0829dd34       0x5c pluto/plutolib.a(osCore.o)
                0x0829dd34                osSendMessage
 .text.osRun    0x0829dd90       0x64 pluto/plutolib.a(osCore.o)
                0x0829dd90                osRun
 .text.proc_pluto_task
                0x0829ddf4       0x6c pluto/plutolib.a(osCore.o)
                0x0829ddf4                proc_pluto_task
 .text.osRand   0x0829de60       0x38 pluto/plutolib.a(osLibc.o)
                0x0829de60                osRand
 .text.osAtoB   0x0829de98       0x64 pluto/plutolib.a(osLibc.o)
                0x0829de98                osAtoB
 .text.osMemcpy
                0x0829defc       0x1a pluto/plutolib.a(osLibc.o)
                0x0829defc                osMemcpy
 .text.osMemcmp
                0x0829df16       0x24 pluto/plutolib.a(osLibc.o)
                0x0829df16                osMemcmp
 .text.osMemset
                0x0829df3a       0x12 pluto/plutolib.a(osLibc.o)
                0x0829df3a                osMemset
 .text.osMemchkz
                0x0829df4c       0x16 pluto/plutolib.a(osLibc.o)
                0x0829df4c                osMemchkz
 .text.osStrcpy
                0x0829df62       0x12 pluto/plutolib.a(osLibc.o)
                0x0829df62                osStrcpy
 .text.osStrcmp
                0x0829df74       0x34 pluto/plutolib.a(osLibc.o)
                0x0829df74                osStrcmp
 .text.osStrncmp
                0x0829dfa8       0x30 pluto/plutolib.a(osLibc.o)
                0x0829dfa8                osStrncmp
 .text.osStrlen
                0x0829dfd8       0x10 pluto/plutolib.a(osLibc.o)
                0x0829dfd8                osStrlen
 .text.osToupper
                0x0829dfe8        0xc pluto/plutolib.a(osLibc.o)
                0x0829dfe8                osToupper
 .text.osBtoU32
                0x0829dff4       0x16 pluto/plutolib.a(osLibc.o)
                0x0829dff4                osBtoU32
 .text.osBtoU16
                0x0829e00a        0xa pluto/plutolib.a(osLibc.o)
                0x0829e00a                osBtoU16
 .text.osU32toB
                0x0829e014       0x10 pluto/plutolib.a(osLibc.o)
                0x0829e014                osU32toB
 .text.osU16toB
                0x0829e024        0x8 pluto/plutolib.a(osLibc.o)
                0x0829e024                osU16toB
 .text.osBtoStr
                0x0829e02c       0x28 pluto/plutolib.a(osLibc.o)
                0x0829e02c                osBtoStr
 .text.osStrchr
                0x0829e054       0x1a pluto/plutolib.a(osLibc.o)
                0x0829e054                osStrchr
 .text.osStrstr
                0x0829e06e       0x36 pluto/plutolib.a(osLibc.o)
                0x0829e06e                osStrstr
 .text.osCaseStrstr
                0x0829e0a4       0x5c pluto/plutolib.a(osLibc.o)
                0x0829e0a4                osCaseStrstr
 .text.os_addr_inet
                0x0829e100       0x28 pluto/plutolib.a(osLibc.o)
                0x0829e100                os_addr_inet
 .text.osHexStrtoB
                0x0829e128       0x7c pluto/plutolib.a(osLibc.o)
                0x0829e128                osHexStrtoB
 .text.osBtoHexStr
                0x0829e1a4       0x54 pluto/plutolib.a(osLibc.o)
                0x0829e1a4                osBtoHexStr
 .text.osAtoI   0x0829e1f8       0x3e pluto/plutolib.a(osLibc.o)
                0x0829e1f8                osAtoI
 *fill*         0x0829e236        0x2 
 .text.os_inet_addr
                0x0829e238       0x4c pluto/plutolib.a(osLibc.o)
                0x0829e238                os_inet_addr
 .text.osFtoA   0x0829e284       0xe8 pluto/plutolib.a(osLibc.o)
                0x0829e284                osFtoA
 .text.osAtoF   0x0829e36c       0x7c pluto/plutolib.a(osLibc.o)
                0x0829e36c                osAtoF
 .text.osSubAbs
                0x0829e3e8        0xe pluto/plutolib.a(osLibc.o)
                0x0829e3e8                osSubAbs
 .text.osSubLoop32
                0x0829e3f6        0xe pluto/plutolib.a(osLibc.o)
                0x0829e3f6                osSubLoop32
 .text.osGetCheckSum16
                0x0829e404       0x1a pluto/plutolib.a(osLibc.o)
                0x0829e404                osGetCheckSum16
 *fill*         0x0829e41e        0x2 
 .text.osGenRandomArrary
                0x0829e420       0x1c pluto/plutolib.a(osLibc.o)
                0x0829e420                osGenRandomArrary
 .text.osCRC16  0x0829e43c       0x24 pluto/plutolib.a(osLibc.o)
                0x0829e43c                osCRC16
 .text.osTimerTask
                0x0829e460       0x7c pluto/plutolib.a(osTimer.o)
 .text.osGetmsTimestamp
                0x0829e4dc        0xc pluto/plutolib.a(osTimer.o)
                0x0829e4dc                osGetmsTimestamp
 .text.osGetUnixTime
                0x0829e4e8        0xc pluto/plutolib.a(osTimer.o)
                0x0829e4e8                osGetUnixTime
 .text.osSetUnixTime
                0x0829e4f4        0xc pluto/plutolib.a(osTimer.o)
                0x0829e4f4                osSetUnixTime
 .text.osTickUpdata
                0x0829e500       0x50 pluto/plutolib.a(osTimer.o)
                0x0829e500                osTickUpdata
 .text.osAddTimer
                0x0829e550       0x6c pluto/plutolib.a(osTimer.o)
                0x0829e550                osAddTimer
 .text.osStartTimer
                0x0829e5bc       0x1c pluto/plutolib.a(osTimer.o)
                0x0829e5bc                osStartTimer
 .text.osStartReloadTimer
                0x0829e5d8       0x20 pluto/plutolib.a(osTimer.o)
                0x0829e5d8                osStartReloadTimer
 .text.osDeleteTimer
                0x0829e5f8       0x20 pluto/plutolib.a(osTimer.o)
                0x0829e5f8                osDeleteTimer
 .text.osLocalToUnix
                0x0829e618       0xe0 pluto/plutolib.a(osTimer.o)
                0x0829e618                osLocalToUnix
 .text.osUnixtoLocal
                0x0829e6f8      0x1b4 pluto/plutolib.a(osTimer.o)
                0x0829e6f8                osUnixtoLocal
 .text.os_dbg_init
                0x0829e8ac        0xc pluto/plutolib.a(osTrace.o)
                0x0829e8ac                os_dbg_init
 .text.os_printf
                0x0829e8b8       0x44 pluto/plutolib.a(osTrace.o)
                0x0829e8b8                os_printf
 .text.osPrint2b
                0x0829e8fc       0x58 pluto/plutolib.a(osTrace.o)
                0x0829e8fc                osPrint2b
 .text._out_buffer
                0x0829e954        0x8 pluto/plutolib.a(printf.o)
 .text._out_null
                0x0829e95c        0x2 pluto/plutolib.a(printf.o)
 .text._ntoa_format
                0x0829e95e      0x138 pluto/plutolib.a(printf.o)
 *fill*         0x0829ea96        0x2 
 .text._ntoa_long
                0x0829ea98       0x90 pluto/plutolib.a(printf.o)
 .text._ntoa_long_long
                0x0829eb28       0xb0 pluto/plutolib.a(printf.o)
 .text._vsnprintf
                0x0829ebd8      0x7e0 pluto/plutolib.a(printf.o)
 .text.sprintf_
                0x0829f3b8       0x30 pluto/plutolib.a(printf.o)
                0x0829f3b8                sprintf_
 .text.vsnprintf_
                0x0829f3e8       0x24 pluto/plutolib.a(printf.o)
                0x0829f3e8                vsnprintf_
 .text.load_device_describe
                0x0829f40c       0x30 pluto/plutolib.a(pdo_describe.o)
 .text.save_device_describe
                0x0829f43c      0x2b0 pluto/plutolib.a(pdo_describe.o)
 .text.pdo_report_device_info
                0x0829f6ec      0x188 pluto/plutolib.a(pdo_describe.o)
 .text.pdo_report_port
                0x0829f874       0x5c pluto/plutolib.a(pdo_describe.o)
 .text.load_port_list
                0x0829f8d0       0x60 pluto/plutolib.a(pdo_describe.o)
 .text.get_port_describe
                0x0829f930       0x50 pluto/plutolib.a(pdo_describe.o)
 .text.delete_port
                0x0829f980       0x58 pluto/plutolib.a(pdo_describe.o)
 .text.port_list_timer
                0x0829f9d8       0x50 pluto/plutolib.a(pdo_describe.o)
 .text.updata_key_timer
                0x0829fa28       0x70 pluto/plutolib.a(pdo_describe.o)
 .text.pdo_device_describe_handler
                0x0829fa98      0x228 pluto/plutolib.a(pdo_describe.o)
                0x0829fa98                pdo_device_describe_handler
 .text.pdo_read_port_num
                0x0829fcc0       0x1c pluto/plutolib.a(pdo_describe.o)
                0x0829fcc0                pdo_read_port_num
 .text.pdo_read_port_list
                0x0829fcdc       0x60 pluto/plutolib.a(pdo_describe.o)
                0x0829fcdc                pdo_read_port_list
 .text.pdo_port_list_handler
                0x0829fd3c       0x70 pluto/plutolib.a(pdo_describe.o)
                0x0829fd3c                pdo_port_list_handler
 .text.pdo_read_port_describe
                0x0829fdac       0x2c pluto/plutolib.a(pdo_describe.o)
                0x0829fdac                pdo_read_port_describe
 .text.pdo_delete_port
                0x0829fdd8       0x44 pluto/plutolib.a(pdo_describe.o)
                0x0829fdd8                pdo_delete_port
 .text.pdo_register_port
                0x0829fe1c      0x1c0 pluto/plutolib.a(pdo_describe.o)
                0x0829fe1c                pdo_register_port
 .text.pdo_update_port_describe
                0x0829ffdc       0xa8 pluto/plutolib.a(pdo_describe.o)
                0x0829ffdc                pdo_update_port_describe
 .text.pdo_port_describe_handler
                0x082a0084       0xf4 pluto/plutolib.a(pdo_describe.o)
                0x082a0084                pdo_port_describe_handler
 .text.pluto_update_guest_key
                0x082a0178       0x2c pluto/plutolib.a(pdo_describe.o)
                0x082a0178                pluto_update_guest_key
 .text.restore_device_describe
                0x082a01a4      0x1a8 pluto/plutolib.a(pdo_describe.o)
 .text.pdo_save_obj_valueint
                0x082a034c       0x94 pluto/plutolib.a(pdo_describe.o)
                0x082a034c                pdo_save_obj_valueint
 .text.pdo_set_device_describe
                0x082a03e0      0x1f4 pluto/plutolib.a(pdo_describe.o)
                0x082a03e0                pdo_set_device_describe
 .text.get_key_structure
                0x082a05d4       0x30 pluto/plutolib.a(pdo_keys.o)
 .text.pdo_add_device_key
                0x082a0604       0x74 pluto/plutolib.a(pdo_keys.o)
                0x082a0604                pdo_add_device_key
 .text.pdo_get_devcie_key
                0x082a0678       0x10 pluto/plutolib.a(pdo_keys.o)
                0x082a0678                pdo_get_devcie_key
 .text.pdo_set_version
                0x082a0688        0xc pluto/plutolib.a(pdo_nib.o)
                0x082a0688                pdo_set_version
 .text.pdo_get_local_lock
                0x082a0694        0xc pluto/plutolib.a(pdo_nib.o)
                0x082a0694                pdo_get_local_lock
 .text.pdo_set_local_lock
                0x082a06a0        0xc pluto/plutolib.a(pdo_nib.o)
                0x082a06a0                pdo_set_local_lock
 .text.pdo_get_remote_lock
                0x082a06ac        0xc pluto/plutolib.a(pdo_nib.o)
                0x082a06ac                pdo_get_remote_lock
 .text.pdo_set_remote_lock
                0x082a06b8        0xc pluto/plutolib.a(pdo_nib.o)
                0x082a06b8                pdo_set_remote_lock
 .text.pdo_get_guest_lock
                0x082a06c4        0xc pluto/plutolib.a(pdo_nib.o)
                0x082a06c4                pdo_get_guest_lock
 .text.pdo_set_guest_lock
                0x082a06d0        0xc pluto/plutolib.a(pdo_nib.o)
                0x082a06d0                pdo_set_guest_lock
 .text.pdo_get_share_lock
                0x082a06dc        0xc pluto/plutolib.a(pdo_nib.o)
                0x082a06dc                pdo_get_share_lock
 .text.pdo_set_share_lock
                0x082a06e8        0xc pluto/plutolib.a(pdo_nib.o)
                0x082a06e8                pdo_set_share_lock
 .text.pdo_get_encrypt_flag
                0x082a06f4        0xc pluto/plutolib.a(pdo_nib.o)
                0x082a06f4                pdo_get_encrypt_flag
 .text.pdo_set_encrypt_flag
                0x082a0700        0xc pluto/plutolib.a(pdo_nib.o)
                0x082a0700                pdo_set_encrypt_flag
 .text.pdo_get_history_record_flag
                0x082a070c        0xc pluto/plutolib.a(pdo_nib.o)
                0x082a070c                pdo_get_history_record_flag
 .text.pdo_set_history_record_flag
                0x082a0718        0xc pluto/plutolib.a(pdo_nib.o)
                0x082a0718                pdo_set_history_record_flag
 .text.pdo_get_specail_service_addr
                0x082a0724       0x14 pluto/plutolib.a(pdo_nib.o)
                0x082a0724                pdo_get_specail_service_addr
 .text.pdo_set_special_service_addr
                0x082a0738       0x24 pluto/plutolib.a(pdo_nib.o)
                0x082a0738                pdo_set_special_service_addr
 .text.pdo_get_limit_level
                0x082a075c        0xc pluto/plutolib.a(pdo_nib.o)
                0x082a075c                pdo_get_limit_level
 .text.pdo_set_limit_level
                0x082a0768        0xc pluto/plutolib.a(pdo_nib.o)
                0x082a0768                pdo_set_limit_level
 .text.load_record
                0x082a0774       0x30 pluto/plutolib.a(pdo_record.o)
 .text.save_record
                0x082a07a4      0x148 pluto/plutolib.a(pdo_record.o)
 .text.save_task
                0x082a08ec       0x68 pluto/plutolib.a(pdo_record.o)
 .text.pdo_alarm_record_handler
                0x082a0954       0xe8 pluto/plutolib.a(pdo_record.o)
                0x082a0954                pdo_alarm_record_handler
 .text.pdo_history_record_handler
                0x082a0a3c       0xf0 pluto/plutolib.a(pdo_record.o)
                0x082a0a3c                pdo_history_record_handler
 .text.pdo_save_alarm_record
                0x082a0b2c       0x5c pluto/plutolib.a(pdo_record.o)
                0x082a0b2c                pdo_save_alarm_record
 .text.pdo_save_history_record
                0x082a0b88       0x68 pluto/plutolib.a(pdo_record.o)
                0x082a0b88                pdo_save_history_record
 .text.scene_set_state
                0x082a0bf0       0x84 pluto/plutolib.a(pdo_scene.o)
 .text.pdo_scene_alarm
                0x082a0c74       0x4c pluto/plutolib.a(pdo_scene.o)
                0x082a0c74                pdo_scene_alarm
 .text.pdo_scene_run
                0x082a0cc0       0x30 pluto/plutolib.a(pdo_scene.o)
                0x082a0cc0                pdo_scene_run
 .text.pdo_scene_init
                0x082a0cf0       0x34 pluto/plutolib.a(pdo_scene.o)
                0x082a0cf0                pdo_scene_init
 .text.pdo_scene_handler
                0x082a0d24      0x388 pluto/plutolib.a(pdo_scene.o)
                0x082a0d24                pdo_scene_handler
 .text.read_uint32
                0x082a10ac       0x10 pluto/plutolib.a(pdo_server.o)
 .text.read_string
                0x082a10bc       0x3c pluto/plutolib.a(pdo_server.o)
 .text.read_bytes
                0x082a10f8       0x3c pluto/plutolib.a(pdo_server.o)
 .text.pdo_server_message_handler
                0x082a1134      0x1a4 pluto/plutolib.a(pdo_server.o)
                0x082a1134                pdo_server_message_handler
 .text.pdo_load_server_info
                0x082a12d8       0xe0 pluto/plutolib.a(pdo_server.o)
                0x082a12d8                pdo_load_server_info
 .text.pdo_update_handler
                0x082a13b8       0xf8 pluto/plutolib.a(pdo_update.o)
                0x082a13b8                pdo_update_handler
 .text.pdo_set_bin_name
                0x082a14b0        0x4 pluto/plutolib.a(pdo_update.o)
                0x082a14b0                pdo_set_bin_name
 .text.Scene_GetFreeHandler
                0x082a14b4       0x2c pluto/plutolib.a(scene.o)
 .text.Scene_FindTask
                0x082a14e0       0x28 pluto/plutolib.a(scene.o)
                0x082a14e0                Scene_FindTask
 .text.Scene_CreateTask
                0x082a1508      0x198 pluto/plutolib.a(scene.o)
                0x082a1508                Scene_CreateTask
 .text.Scene_CheckExist
                0x082a16a0       0x1c pluto/plutolib.a(scene.o)
                0x082a16a0                Scene_CheckExist
 .text.Scene_SendParameter
                0x082a16bc        0x2 pluto/plutolib.a(scene.o)
                0x082a16bc                Scene_SendParameter
 *fill*         0x082a16be        0x2 
 .text.Scene_DelTask
                0x082a16c0        0xc pluto/plutolib.a(scene.o)
                0x082a16c0                Scene_DelTask
 .text.Scene_PreCheckReason
                0x082a16cc       0x2c pluto/plutolib.a(scene_core.o)
 .text.Scene_GetTaskBlock
                0x082a16f8        0xc pluto/plutolib.a(scene_core.o)
                0x082a16f8                Scene_GetTaskBlock
 .text.Scene_RemoveTask
                0x082a1704       0x70 pluto/plutolib.a(scene_core.o)
                0x082a1704                Scene_RemoveTask
 .text.Scene_ReadTaskStateByName
                0x082a1774       0x2c pluto/plutolib.a(scene_core.o)
                0x082a1774                Scene_ReadTaskStateByName
 .text.Scene_SendEvent
                0x082a17a0       0x80 pluto/plutolib.a(scene_core.o)
                0x082a17a0                Scene_SendEvent
 .text.Scene_InsetTask
                0x082a1820       0x2c pluto/plutolib.a(scene_core.o)
                0x082a1820                Scene_InsetTask
 .text.Scene_SetTaskState
                0x082a184c       0x84 pluto/plutolib.a(scene_core.o)
                0x082a184c                Scene_SetTaskState
 .text.Scene_TaskJoin
                0x082a18d0       0x78 pluto/plutolib.a(scene_core.o)
                0x082a18d0                Scene_TaskJoin
 .text.Scene_SetTaskStateWithArg
                0x082a1948       0xa4 pluto/plutolib.a(scene_core.o)
                0x082a1948                Scene_SetTaskStateWithArg
 .text.Scene_Task
                0x082a19ec      0x5c4 pluto/plutolib.a(scene_core.o)
                0x082a19ec                Scene_Task
 .text.Scene_Send
                0x082a1fb0      0x25c pluto/plutolib.a(scene_do.o)
                0x082a1fb0                Scene_Send
 .text.Scene_GetRegBySymbol
                0x082a220c       0x40 pluto/plutolib.a(scene_do.o)
                0x082a220c                Scene_GetRegBySymbol
 .text.Scene_Do
                0x082a224c      0x2b8 pluto/plutolib.a(scene_do.o)
                0x082a224c                Scene_Do
 .text.Scene_ISSTRING
                0x082a2504       0x20 pluto/plutolib.a(scene_lib.o)
                0x082a2504                Scene_ISSTRING
 .text.Scene_ISNUM
                0x082a2524        0xc pluto/plutolib.a(scene_lib.o)
                0x082a2524                Scene_ISNUM
 .text.Scene_ISHEXNUM
                0x082a2530       0x1c pluto/plutolib.a(scene_lib.o)
                0x082a2530                Scene_ISHEXNUM
 .text.Scene_GetItemByOffset
                0x082a254c       0x36 pluto/plutolib.a(scene_lib.o)
                0x082a254c                Scene_GetItemByOffset
 *fill*         0x082a2582        0x2 
 .text.Scene_GetStringLen
                0x082a2584       0x20 pluto/plutolib.a(scene_lib.o)
                0x082a2584                Scene_GetStringLen
 .text.Scene_GetBracketsLen
                0x082a25a4       0x14 pluto/plutolib.a(scene_lib.o)
                0x082a25a4                Scene_GetBracketsLen
 .text.Scene_GetString
                0x082a25b8       0x1c pluto/plutolib.a(scene_lib.o)
                0x082a25b8                Scene_GetString
 .text.Scene_StringString
                0x082a25d4       0x36 pluto/plutolib.a(scene_lib.o)
                0x082a25d4                Scene_StringString
 .text.Scene_SkipSpace
                0x082a260a       0x1c pluto/plutolib.a(scene_lib.o)
                0x082a260a                Scene_SkipSpace
 .text.Scene_GetSymbol
                0x082a2626       0x36 pluto/plutolib.a(scene_lib.o)
                0x082a2626                Scene_GetSymbol
 .text.Scene_HexStrtoU32
                0x082a265c       0x2c pluto/plutolib.a(scene_lib.o)
                0x082a265c                Scene_HexStrtoU32
 .text.Scene_ParseDeviceInfo
                0x082a2688      0x170 pluto/plutolib.a(scene_lib.o)
                0x082a2688                Scene_ParseDeviceInfo
 .text.Scene_InputDevMsg
                0x082a27f8       0xdc pluto/plutolib.a(scene_message.o)
                0x082a27f8                Scene_InputDevMsg
 .text.Scene_FetchMsg
                0x082a28d4       0x28 pluto/plutolib.a(scene_message.o)
                0x082a28d4                Scene_FetchMsg
 .text.Scene_DeletedAllMsg
                0x082a28fc       0x20 pluto/plutolib.a(scene_message.o)
                0x082a28fc                Scene_DeletedAllMsg
 .text.Scene_CompareInt
                0x082a291c       0x56 pluto/plutolib.a(scene_reason.o)
                0x082a291c                Scene_CompareInt
 .text.Scene_CompareFloat
                0x082a2972       0x6a pluto/plutolib.a(scene_reason.o)
                0x082a2972                Scene_CompareFloat
 .text.Scene_CompareTimer
                0x082a29dc      0x128 pluto/plutolib.a(scene_reason.o)
                0x082a29dc                Scene_CompareTimer
 .text.Scene_CompareDev
                0x082a2b04      0x210 pluto/plutolib.a(scene_reason.o)
                0x082a2b04                Scene_CompareDev
 .text.Scene_CheckReasons
                0x082a2d14      0x1ec pluto/plutolib.a(scene_reason.o)
                0x082a2d14                Scene_CheckReasons
 .text.pluto_get_data_type
                0x082a2f00       0xf4 pluto/plutolib.a(aID.o)
                0x082a2f00                pluto_get_data_type
 .text.input_task
                0x082a2ff4      0x258 pluto/plutolib.a(aps_input.o)
 .text.aps_input
                0x082a324c       0x8c pluto/plutolib.a(aps_input.o)
                0x082a324c                aps_input
 .text.aps_send_status_cb
                0x082a32d8       0x90 pluto/plutolib.a(aps_input.o)
                0x082a32d8                aps_send_status_cb
 .text.lcl_expand_data_length
                0x082a3368       0x14 pluto/plutolib.a(lcl_common.o)
                0x082a3368                lcl_expand_data_length
 .text.lcl_calculate_package_length
                0x082a337c       0x10 pluto/plutolib.a(lcl_common.o)
                0x082a337c                lcl_calculate_package_length
 .text.lcl_package
                0x082a338c       0x64 pluto/plutolib.a(lcl_common.o)
                0x082a338c                lcl_package
 .text.lcl_get_seq
                0x082a33f0       0x10 pluto/plutolib.a(lcl_common.o)
                0x082a33f0                lcl_get_seq
 .text.gen_key  0x082a3400       0x44 pluto/plutolib.a(lcl_crypto.o)
 .text.lcl_encrypt_data
                0x082a3444       0x44 pluto/plutolib.a(lcl_crypto.o)
                0x082a3444                lcl_encrypt_data
 .text.lcl_decrypt
                0x082a3488       0xb8 pluto/plutolib.a(lcl_crypto.o)
                0x082a3488                lcl_decrypt
 .text.block_count
                0x082a3540       0x40 pluto/plutolib.a(nwk_input.o)
 .text.block_to_clear_timer
                0x082a3580       0x1c pluto/plutolib.a(nwk_input.o)
 .text.detach_block
                0x082a359c       0x68 pluto/plutolib.a(nwk_input.o)
 .text.nwk_check_repeat
                0x082a3604      0x108 pluto/plutolib.a(nwk_input.o)
 .text.proccess_message_task
                0x082a370c      0x160 pluto/plutolib.a(nwk_input.o)
 .text.nwk_input
                0x082a386c      0x408 pluto/plutolib.a(nwk_input.o)
                0x082a386c                nwk_input
 .text.nwk_add_to_repeat_table
                0x082a3c74        0xc pluto/plutolib.a(nwk_input.o)
                0x082a3c74                nwk_add_to_repeat_table
 .text.deivce_annouce_task
                0x082a3c80       0xa4 pluto/plutolib.a(pdo.o)
 .text.pdo_command_handle
                0x082a3d24      0x288 pluto/plutolib.a(pdo.o)
                0x082a3d24                pdo_command_handle
 .text.pdo_get_port_permit_join_flag
                0x082a3fac       0x10 pluto/plutolib.a(pdo.o)
                0x082a3fac                pdo_get_port_permit_join_flag
 .text.pdo_get_name_and_data_length
                0x082a3fbc       0x20 pluto/plutolib.a(pdo_file_system.o)
                0x082a3fbc                pdo_get_name_and_data_length
 .text.pdo_get_file_name
                0x082a3fdc       0x38 pluto/plutolib.a(pdo_file_system.o)
                0x082a3fdc                pdo_get_file_name
 .text.pdo_get_sub_string
                0x082a4014       0x48 pluto/plutolib.a(pdo_file_system.o)
                0x082a4014                pdo_get_sub_string
 .text.pdo_package_file
                0x082a405c       0x8c pluto/plutolib.a(pdo_file_system.o)
                0x082a405c                pdo_package_file
 .text.pdo_send_file_response
                0x082a40e8       0x50 pluto/plutolib.a(pdo_file_system.o)
                0x082a40e8                pdo_send_file_response
 .text.read_file_and_send
                0x082a4138       0x8c pluto/plutolib.a(pdo_file_system.o)
 .text.read_file_task
                0x082a41c4       0x88 pluto/plutolib.a(pdo_file_system.o)
 .text.pdo_file_system_handler
                0x082a424c      0x3a8 pluto/plutolib.a(pdo_file_system.o)
                0x082a424c                pdo_file_system_handler
 .text.read_table
                0x082a45f4       0x30 pluto/plutolib.a(pdo_utb.o)
 .text.utb_check_enable_port
                0x082a4624       0xf4 pluto/plutolib.a(pdo_utb.o)
                0x082a4624                utb_check_enable_port
 .text.utb_message_handler
                0x082a4718      0x200 pluto/plutolib.a(pdo_utb.o)
                0x082a4718                utb_message_handler
 .text.KeyExpansion
                0x082a4918       0x78 pluto/plutolib.a(lcl_aes.o)
 .text.AddRoundKey
                0x082a4990       0x24 pluto/plutolib.a(lcl_aes.o)
 .text.xtime    0x082a49b4       0x12 pluto/plutolib.a(lcl_aes.o)
 *fill*         0x082a49c6        0x2 
 .text.Cipher   0x082a49c8      0x154 pluto/plutolib.a(lcl_aes.o)
 .text.InvCipher
                0x082a4b1c      0x1f8 pluto/plutolib.a(lcl_aes.o)
 .text.AES_init_ctx_iv
                0x082a4d14       0x20 pluto/plutolib.a(lcl_aes.o)
                0x082a4d14                AES_init_ctx_iv
 .text.AES_CBC_encrypt_buffer
                0x082a4d34       0x4c pluto/plutolib.a(lcl_aes.o)
                0x082a4d34                AES_CBC_encrypt_buffer
 .text.AES_CBC_decrypt_buffer
                0x082a4d80       0x54 pluto/plutolib.a(lcl_aes.o)
                0x082a4d80                AES_CBC_decrypt_buffer
 .text.message_proccess
                0x082a4dd4      0x2fc pluto/plutolib.a(lcl_input.o)
 .text.lcl_input_message
                0x082a50d0       0x60 pluto/plutolib.a(lcl_input.o)
                0x082a50d0                lcl_input_message
 .text.Ql_GPIO_Init
                0x082a5130       0x44 libs/gcc/app_start.lib(gpio.o)
                0x082a5130                Ql_GPIO_Init
 .text.Ql_GPIO_SetLevel
                0x082a5174       0x38 libs/gcc/app_start.lib(gpio.o)
                0x082a5174                Ql_GPIO_SetLevel
 .text.Ql_GPIO_GetLevel
                0x082a51ac       0x34 libs/gcc/app_start.lib(gpio.o)
                0x082a51ac                Ql_GPIO_GetLevel
 .text.Ql_GPIO_SetDirection
                0x082a51e0       0x38 libs/gcc/app_start.lib(gpio.o)
                0x082a51e0                Ql_GPIO_SetDirection
 .text.Ql_MEM_Alloc
                0x082a5218       0x44 libs/gcc/app_start.lib(memory.o)
                0x082a5218                Ql_MEM_Alloc
 .text.Ql_MEM_Free
                0x082a525c       0x40 libs/gcc/app_start.lib(memory.o)
                0x082a525c                Ql_MEM_Free
 .text.ql_InitVFunc
                0x082a529c       0x7c libs/gcc/app_start.lib(ql_main.o)
                0x082a529c                ql_InitVFunc
 .text.ocpu_main
                0x082a5318       0x68 libs/gcc/app_start.lib(ql_main.o)
                0x082a5318                ocpu_main
 .text.proc_reserved2
                0x082a5380       0x40 libs/gcc/app_start.lib(ril_aux.o)
                0x082a5380                proc_reserved2
 .text.ril_StopATTimer
                0x082a53c0       0x1c libs/gcc/app_start.lib(ril_main.o)
 .text.Callback_OnATTimer
                0x082a53dc       0x34 libs/gcc/app_start.lib(ril_main.o)
 .text.Ql_RIL_Initialize
                0x082a5410       0x90 libs/gcc/app_start.lib(ril_main.o)
                0x082a5410                Ql_RIL_Initialize
 .text.Ql_RIL_SendATCmd
                0x082a54a0      0x1c8 libs/gcc/app_start.lib(ril_main.o)
                0x082a54a0                Ql_RIL_SendATCmd
 .text.str_seacher_with
                0x082a5668       0x58 libs/gcc/app_start.lib(ril_main.o)
                0x082a5668                str_seacher_with
 .text.proc_reserved1
                0x082a56c0      0x340 libs/gcc/app_start.lib(ril_main.o)
                0x082a56c0                proc_reserved1
 .text.Ql_SPI_Init
                0x082a5a00       0x50 libs/gcc/app_start.lib(spi.o)
                0x082a5a00                Ql_SPI_Init
 .text.Ql_SPI_Config
                0x082a5a50       0x48 libs/gcc/app_start.lib(spi.o)
                0x082a5a50                Ql_SPI_Config
 .text.Ql_SPI_Write
                0x082a5a98       0x3c libs/gcc/app_start.lib(spi.o)
                0x082a5a98                Ql_SPI_Write
 .text.Ql_SPI_WriteRead
                0x082a5ad4       0x48 libs/gcc/app_start.lib(spi.o)
                0x082a5ad4                Ql_SPI_WriteRead
 .text.Ql_strcpy
                0x082a5b1c       0x58 libs/gcc/app_start.lib(stdlib_func.o)
                0x082a5b1c                Ql_strcpy
 .text.Ql_strncpy
                0x082a5b74       0x50 libs/gcc/app_start.lib(stdlib_func.o)
                0x082a5b74                Ql_strncpy
 .text.Ql_strlen
                0x082a5bc4       0x44 libs/gcc/app_start.lib(stdlib_func.o)
                0x082a5bc4                Ql_strlen
 .text.Ql_strcmp
                0x082a5c08       0x38 libs/gcc/app_start.lib(stdlib_func.o)
                0x082a5c08                Ql_strcmp
 .text.Ql_strncmp
                0x082a5c40       0x3c libs/gcc/app_start.lib(stdlib_func.o)
                0x082a5c40                Ql_strncmp
 .text.Ql_memset
                0x082a5c7c       0x50 libs/gcc/app_start.lib(stdlib_func.o)
                0x082a5c7c                Ql_memset
 .text.Ql_memcpy
                0x082a5ccc       0x50 libs/gcc/app_start.lib(stdlib_func.o)
                0x082a5ccc                Ql_memcpy
 .text.Ql_memcmp
                0x082a5d1c       0x3c libs/gcc/app_start.lib(stdlib_func.o)
                0x082a5d1c                Ql_memcmp
 .text.Ql_strstr
                0x082a5d58       0x48 libs/gcc/app_start.lib(stdlib_func.o)
                0x082a5d58                Ql_strstr
 .text.Ql_strchr
                0x082a5da0       0x48 libs/gcc/app_start.lib(stdlib_func.o)
                0x082a5da0                Ql_strchr
 .text.Ql_toupper
                0x082a5de8        0x4 libs/gcc/app_start.lib(stdlib_func.o)
                0x082a5de8                Ql_toupper
 .text.Ql_atoi  0x082a5dec       0x4e libs/gcc/app_start.lib(stdlib_func.o)
                0x082a5dec                Ql_atoi
 *fill*         0x082a5e3a        0x2 
 .text.Ql_Sleep
                0x082a5e3c       0x2c libs/gcc/app_start.lib(system.o)
                0x082a5e3c                Ql_Sleep
 .text.Ql_Reset
                0x082a5e68       0x2c libs/gcc/app_start.lib(system.o)
                0x082a5e68                Ql_Reset
 .text.Ql_GetvFunc_Init_Status
                0x082a5e94       0x28 libs/gcc/app_start.lib(system.o)
                0x082a5e94                Ql_GetvFunc_Init_Status
 .text.Ql_GetSDKVer
                0x082a5ebc       0x38 libs/gcc/app_start.lib(system.o)
                0x082a5ebc                Ql_GetSDKVer
 .text.Ql_OS_GetMessage
                0x082a5ef4       0x34 libs/gcc/app_start.lib(taskMngt.o)
                0x082a5ef4                Ql_OS_GetMessage
 .text.Ql_OS_SendMessage
                0x082a5f28       0x44 libs/gcc/app_start.lib(taskMngt.o)
                0x082a5f28                Ql_OS_SendMessage
 .text.Ql_OS_CreateMutex
                0x082a5f6c       0x28 libs/gcc/app_start.lib(taskMngt.o)
                0x082a5f6c                Ql_OS_CreateMutex
 .text.Ql_OS_TakeMutex
                0x082a5f94       0x30 libs/gcc/app_start.lib(taskMngt.o)
                0x082a5f94                Ql_OS_TakeMutex
 .text.Ql_OS_GiveMutex
                0x082a5fc4       0x2c libs/gcc/app_start.lib(taskMngt.o)
                0x082a5fc4                Ql_OS_GiveMutex
 .text.Ql_OS_CreateEvent
                0x082a5ff0       0x28 libs/gcc/app_start.lib(taskMngt.o)
                0x082a5ff0                Ql_OS_CreateEvent
 .text.Ql_OS_WaitEvent
                0x082a6018       0x3c libs/gcc/app_start.lib(taskMngt.o)
                0x082a6018                Ql_OS_WaitEvent
 .text.Ql_OS_SetEvent
                0x082a6054       0x38 libs/gcc/app_start.lib(taskMngt.o)
                0x082a6054                Ql_OS_SetEvent
 .text.Ql_ril_request_command
                0x082a608c       0x34 libs/gcc/app_start.lib(taskMngt.o)
                0x082a608c                Ql_ril_request_command
 .text.Ql_Timer_Register
                0x082a60c0       0x3c libs/gcc/app_start.lib(timer.o)
                0x082a60c0                Ql_Timer_Register
 .text.Ql_Timer_Start
                0x082a60fc       0x3c libs/gcc/app_start.lib(timer.o)
                0x082a60fc                Ql_Timer_Start
 .text.Ql_Timer_Stop
                0x082a6138       0x34 libs/gcc/app_start.lib(timer.o)
                0x082a6138                Ql_Timer_Stop
 .text.Ql_UART_Register
                0x082a616c       0x3c libs/gcc/app_start.lib(uart.o)
                0x082a616c                Ql_UART_Register
 .text.Ql_UART_Open
                0x082a61a8       0x3c libs/gcc/app_start.lib(uart.o)
                0x082a61a8                Ql_UART_Open
 .text.Ql_UART_Write
                0x082a61e4       0x3c libs/gcc/app_start.lib(uart.o)
                0x082a61e4                Ql_UART_Write
 .text.Ql_UART_Read
                0x082a6220       0x3c libs/gcc/app_start.lib(uart.o)
                0x082a6220                Ql_UART_Read
 .text.atoi     0x082a625c        0x8 tools\gcc\win\gcc-arm-none-eabi/arm-none-eabi/lib/armv7e-m/fpu/libc.a(lib_a-atoi.o)
                0x082a625c                atoi
 .text.memset   0x082a6264       0x94 tools\gcc\win\gcc-arm-none-eabi/arm-none-eabi/lib/armv7e-m/fpu/libc.a(lib_a-memset.o)
                0x082a6264                memset
 .text.strchr   0x082a62f8       0xf4 tools\gcc\win\gcc-arm-none-eabi/arm-none-eabi/lib/armv7e-m/fpu/libc.a(lib_a-strchr.o)
                0x082a62f8                strchr
 .text.strcpy   0x082a63ec       0xbc tools\gcc\win\gcc-arm-none-eabi/arm-none-eabi/lib/armv7e-m/fpu/libc.a(lib_a-strcpy.o)
                0x082a63ec                strcpy
 .text.strlen   0x082a64a8       0x60 tools\gcc\win\gcc-arm-none-eabi/arm-none-eabi/lib/armv7e-m/fpu/libc.a(lib_a-strlen.o)
                0x082a64a8                strlen
 .text.strncpy  0x082a6508       0x64 tools\gcc\win\gcc-arm-none-eabi/arm-none-eabi/lib/armv7e-m/fpu/libc.a(lib_a-strncpy.o)
                0x082a6508                strncpy
 .text.strsep   0x082a656c        0xc tools\gcc\win\gcc-arm-none-eabi/arm-none-eabi/lib/armv7e-m/fpu/libc.a(lib_a-strsep.o)
                0x082a656c                strsep
 .text.strtok   0x082a6578       0x10 tools\gcc\win\gcc-arm-none-eabi/arm-none-eabi/lib/armv7e-m/fpu/libc.a(lib_a-strtok.o)
                0x082a6578                strtok
 .text.__strtok_r
                0x082a6588       0x64 tools\gcc\win\gcc-arm-none-eabi/arm-none-eabi/lib/armv7e-m/fpu/libc.a(lib_a-strtok_r.o)
                0x082a6588                __strtok_r
 .text._strtol_r
                0x082a65ec      0x114 tools\gcc\win\gcc-arm-none-eabi/arm-none-eabi/lib/armv7e-m/fpu/libc.a(lib_a-strtol.o)
                0x082a65ec                _strtol_r
 .text.strtol   0x082a6700       0x18 tools\gcc\win\gcc-arm-none-eabi/arm-none-eabi/lib/armv7e-m/fpu/libc.a(lib_a-strtol.o)
                0x082a6700                strtol
 *(.text)
 .text          0x082a6718       0x4c libs/gcc/app_start.lib(ocpu_init.o)
                0x082a672c                _OCPU_InitUserMem
 .text          0x082a6764      0x134 tools\gcc\win\gcc-arm-none-eabi/arm-none-eabi/lib/armv7e-m/fpu/libc.a(lib_a-memcpy.o)
                0x082a6764                memcpy
 .text          0x082a6898      0x370 tools\gcc\win\gcc-arm-none-eabi/lib/gcc/arm-none-eabi/4.8.3/armv7e-m/fpu/libgcc.a(_arm_addsubdf3.o)
                0x082a6898                __aeabi_drsub
                0x082a68a0                __aeabi_dsub
                0x082a68a0                __subdf3
                0x082a68a4                __aeabi_dadd
                0x082a68a4                __adddf3
                0x082a6b1c                __floatunsidf
                0x082a6b1c                __aeabi_ui2d
                0x082a6b3c                __floatsidf
                0x082a6b3c                __aeabi_i2d
                0x082a6b60                __aeabi_f2d
                0x082a6b60                __extendsfdf2
                0x082a6b9c                __floatundidf
                0x082a6b9c                __aeabi_ul2d
                0x082a6bac                __floatdidf
                0x082a6bac                __aeabi_l2d
 .text          0x082a6c08      0x424 tools\gcc\win\gcc-arm-none-eabi/lib/gcc/arm-none-eabi/4.8.3/armv7e-m/fpu/libgcc.a(_arm_muldivdf3.o)
                0x082a6c08                __aeabi_dmul
                0x082a6c08                __muldf3
                0x082a6e5c                __divdf3
                0x082a6e5c                __aeabi_ddiv
 .text          0x082a702c      0x110 tools\gcc\win\gcc-arm-none-eabi/lib/gcc/arm-none-eabi/4.8.3/armv7e-m/fpu/libgcc.a(_arm_cmpdf2.o)
                0x082a702c                __gtdf2
                0x082a702c                __gedf2
                0x082a7034                __ltdf2
                0x082a7034                __ledf2
                0x082a703c                __nedf2
                0x082a703c                __eqdf2
                0x082a703c                __cmpdf2
                0x082a70b8                __aeabi_cdrcmple
                0x082a70c8                __aeabi_cdcmpeq
                0x082a70c8                __aeabi_cdcmple
                0x082a70d8                __aeabi_dcmpeq
                0x082a70ec                __aeabi_dcmplt
                0x082a7100                __aeabi_dcmple
                0x082a7114                __aeabi_dcmpge
                0x082a7128                __aeabi_dcmpgt
 .text          0x082a713c       0x50 tools\gcc\win\gcc-arm-none-eabi/lib/gcc/arm-none-eabi/4.8.3/armv7e-m/fpu/libgcc.a(_arm_fixdfsi.o)
                0x082a713c                __aeabi_d2iz
                0x082a713c                __fixdfsi
 .text          0x082a718c       0x40 tools\gcc\win\gcc-arm-none-eabi/lib/gcc/arm-none-eabi/4.8.3/armv7e-m/fpu/libgcc.a(_arm_fixunsdfsi.o)
                0x082a718c                __aeabi_d2uiz
                0x082a718c                __fixunsdfsi
 .text          0x082a71cc       0x2c tools\gcc\win\gcc-arm-none-eabi/lib/gcc/arm-none-eabi/4.8.3/armv7e-m/fpu/libgcc.a(_aeabi_uldivmod.o)
                0x082a71cc                __aeabi_uldivmod
 .text          0x082a71f8       0x60 tools\gcc\win\gcc-arm-none-eabi/lib/gcc/arm-none-eabi/4.8.3/armv7e-m/fpu/libgcc.a(bpabi.o)
                0x082a71f8                __gnu_ldivmod_helper
                0x082a7228                __gnu_uldivmod_helper
 .text          0x082a7258        0x4 tools\gcc\win\gcc-arm-none-eabi/lib/gcc/arm-none-eabi/4.8.3/armv7e-m/fpu/libgcc.a(_dvmd_tls.o)
                0x082a7258                __aeabi_idiv0
                0x082a7258                __aeabi_ldiv0
 .text          0x082a725c      0x298 tools\gcc\win\gcc-arm-none-eabi/lib/gcc/arm-none-eabi/4.8.3/armv7e-m/fpu/libgcc.a(_divdi3.o)
                0x082a725c                __divdi3
 .text          0x082a74f4      0x284 tools\gcc\win\gcc-arm-none-eabi/lib/gcc/arm-none-eabi/4.8.3/armv7e-m/fpu/libgcc.a(_udivdi3.o)
                0x082a74f4                __udivdi3

.glue_7         0x082a7778        0x0
 .glue_7        0x00000000        0x0 linker stubs

.glue_7t        0x082a7778        0x0
 .glue_7t       0x00000000        0x0 linker stubs

.vfp11_veneer   0x082a7778        0x0
 .vfp11_veneer  0x00000000        0x0 linker stubs

.v4_bx          0x082a7778        0x0
 .v4_bx         0x00000000        0x0 linker stubs

.iplt           0x082a7778        0x0
 .iplt          0x00000000        0x0 build\gcc\obj/App/Pluto-Switch3-V1.0/config/custom_sys_cfg.o

.rodata         0x082a7778       0x37
                0x082a7778                . = ALIGN (0x4)
 *(.rodata)
 .rodata        0x082a7778        0xb build\gcc\obj/ril/src/ril_network.o
 .rodata        0x082a7783       0x16 libs/gcc/app_start.lib(ql_main.o)
 .rodata        0x082a7799       0x16 libs/gcc/app_start.lib(system.o)
                0x082aa968                __data_load = LOADADDR (.data)

.rodata.appEnableCfg
                0x082a77b0        0x4
 .rodata.appEnableCfg
                0x082a77b0        0x4 build\gcc\obj/App/Pluto-Switch3-V1.0/config/custom_sys_cfg.o

.rodata.debugPortCfg
                0x082a77b4        0x1
 .rodata.debugPortCfg
                0x082a77b4        0x1 build\gcc\obj/App/Pluto-Switch3-V1.0/config/custom_sys_cfg.o

.rodata.debugPortSet
                0x082a77b5        0x2
 .rodata.debugPortSet
                0x082a77b5        0x2 build\gcc\obj/App/Pluto-Switch3-V1.0/config/custom_sys_cfg.o

.rodata.SystemCfg
                0x082a77b8       0x30
 .rodata.SystemCfg
                0x082a77b8       0x30 build\gcc\obj/App/Pluto-Switch3-V1.0/config/custom_sys_cfg.o
                0x082a77b8                SystemCfg

.rodata.GpioConfigTbl
                0x082a77e8        0x4
 .rodata.GpioConfigTbl
                0x082a77e8        0x4 build\gcc\obj/App/Pluto-Switch3-V1.0/config/sys_config.o
                0x082a77e8                GpioConfigTbl

.rodata.TaskConfig
                0x082a77ec       0x78
 .rodata.TaskConfig
                0x082a77ec       0x78 build\gcc\obj/App/Pluto-Switch3-V1.0/config/sys_config.o
                0x082a77ec                TaskConfig

.rodata.str1.1  0x082a7864     0x237c
 .rodata.str1.1
                0x082a7864       0x49 build\gcc\obj/ril/src/ril_atResponse.o